0 verbose cli C:\Program Files\nodejs\node.exe C:\Program Files\nodejs\node_modules\npm\bin\npm-cli.js
1 info using npm@11.12.1
2 info using node@v24.15.0
3 silly config load:file:C:\Program Files\nodejs\node_modules\npm\npmrc
4 silly config load:file:C:\Users\deweb\Documents\VSME Supplier Passport\.npmrc
5 silly config load:file:C:\Users\deweb\.npmrc
6 silly config load:file:C:\Users\deweb\Documents\VSME Supplier Passport\.appdata\npm\etc\npmrc
7 verbose title npm install lucide-react recharts class-variance-authority clsx tailwind-merge @radix-ui/react-slot
8 verbose argv "install" "lucide-react" "recharts" "class-variance-authority" "clsx" "tailwind-merge" "@radix-ui/react-slot"
9 verbose logfile logs-max:10 dir:C:\Users\deweb\Documents\VSME Supplier Passport\.npm-cache\_logs\2026-05-16T07_55_05_148Z-
10 verbose logfile C:\Users\deweb\Documents\VSME Supplier Passport\.npm-cache\_logs\2026-05-16T07_55_05_148Z-debug-0.log
11 silly logfile done cleaning log files
12 silly packumentCache heap:4496293888 maxSize:1124073472 maxEntrySize:562036736
13 verbose shrinkwrap failed to load node_modules/.package-lock.json out of date, updated: node_modules
14 silly idealTree buildDeps
15 silly fetch manifest lucide-react@*
16 silly packumentCache full:https://registry.npmjs.org/lucide-react cache-miss
17 http fetch GET 200 https://registry.npmjs.org/lucide-react 363ms (cache miss)
18 silly packumentCache full:https://registry.npmjs.org/lucide-react set size:undefined disposed:false
19 silly fetch manifest react@19.2.4
20 silly packumentCache full:https://registry.npmjs.org/react cache-miss
21 http cache https://registry.npmjs.org/react 21ms (cache hit)
22 silly packumentCache full:https://registry.npmjs.org/react set size:6650647 disposed:false
23 silly fetch manifest recharts@*
24 silly packumentCache full:https://registry.npmjs.org/recharts cache-miss
25 http fetch GET 200 https://registry.npmjs.org/recharts 109ms (cache miss)
26 silly packumentCache full:https://registry.npmjs.org/recharts set size:undefined disposed:false
27 silly fetch manifest react-dom@19.2.4
28 silly packumentCache full:https://registry.npmjs.org/react-dom cache-miss
29 http cache https://registry.npmjs.org/react-dom 26ms (cache hit)
30 silly packumentCache full:https://registry.npmjs.org/react-dom set size:8868827 disposed:false
31 silly fetch manifest react-is@^16.8.0 || ^17.0.0 || ^18.0.0 || ^19.0.0
32 silly packumentCache full:https://registry.npmjs.org/react-is cache-miss
33 http cache https://registry.npmjs.org/react-is 14ms (cache hit)
34 silly packumentCache full:https://registry.npmjs.org/react-is set size:5380884 disposed:false
35 silly fetch manifest class-variance-authority@*
36 silly packumentCache full:https://registry.npmjs.org/class-variance-authority cache-miss
37 http fetch GET 200 https://registry.npmjs.org/class-variance-authority 46ms (cache miss)
38 silly packumentCache full:https://registry.npmjs.org/class-variance-authority set size:undefined disposed:false
39 silly fetch manifest clsx@*
40 silly packumentCache full:https://registry.npmjs.org/clsx cache-miss
41 http fetch GET 200 https://registry.npmjs.org/clsx 45ms (cache miss)
42 silly packumentCache full:https://registry.npmjs.org/clsx set size:undefined disposed:false
43 silly fetch manifest tailwind-merge@*
44 silly packumentCache full:https://registry.npmjs.org/tailwind-merge cache-miss
45 http fetch GET 200 https://registry.npmjs.org/tailwind-merge 272ms (cache miss)
46 silly packumentCache full:https://registry.npmjs.org/tailwind-merge set size:undefined disposed:false
47 silly fetch manifest @radix-ui/react-slot@*
48 silly packumentCache full:https://registry.npmjs.org/@radix-ui%2freact-slot cache-miss
49 http fetch GET 200 https://registry.npmjs.org/@radix-ui%2freact-slot 79ms (cache miss)
50 silly packumentCache full:https://registry.npmjs.org/@radix-ui%2freact-slot set size:undefined disposed:false
51 silly fetch manifest @types/react@^19
52 silly packumentCache full:https://registry.npmjs.org/@types%2freact cache-miss
53 http cache https://registry.npmjs.org/@types%2freact 8ms (cache hit)
54 silly packumentCache full:https://registry.npmjs.org/@types%2freact set size:2588964 disposed:false
55 silly placeDep ROOT @radix-ui/react-slot@1.2.4 OK for: supplier-passport-temp@0.1.0 want: *
56 silly placeDep ROOT class-variance-authority@0.7.1 OK for: supplier-passport-temp@0.1.0 want: *
57 silly placeDep ROOT clsx@2.1.1 OK for: supplier-passport-temp@0.1.0 want: *
58 silly placeDep ROOT lucide-react@1.16.0 OK for: supplier-passport-temp@0.1.0 want: *
59 silly placeDep ROOT recharts@3.8.1 OK for: supplier-passport-temp@0.1.0 want: *
60 silly placeDep ROOT tailwind-merge@3.6.0 OK for: supplier-passport-temp@0.1.0 want: *
61 silly fetch manifest @radix-ui/react-compose-refs@1.1.2
62 silly packumentCache full:https://registry.npmjs.org/@radix-ui%2freact-compose-refs cache-miss
63 silly fetch manifest clsx@^2.1.1
64 silly packumentCache full:https://registry.npmjs.org/clsx cache-miss
65 silly fetch manifest @reduxjs/toolkit@^1.9.0 || 2.x.x
66 silly packumentCache full:https://registry.npmjs.org/@reduxjs%2ftoolkit cache-miss
67 http cache https://registry.npmjs.org/clsx 7ms (cache hit)
68 silly packumentCache full:https://registry.npmjs.org/clsx set size:42506 disposed:false
69 silly fetch manifest decimal.js-light@^2.5.1
70 silly packumentCache full:https://registry.npmjs.org/decimal.js-light cache-miss
71 http fetch GET 200 https://registry.npmjs.org/@radix-ui%2freact-compose-refs 79ms (cache miss)
72 silly packumentCache full:https://registry.npmjs.org/@radix-ui%2freact-compose-refs set size:undefined disposed:false
73 silly fetch manifest es-toolkit@^1.39.3
74 silly packumentCache full:https://registry.npmjs.org/es-toolkit cache-miss
75 http fetch GET 200 https://registry.npmjs.org/decimal.js-light 93ms (cache miss)
76 silly packumentCache full:https://registry.npmjs.org/decimal.js-light set size:undefined disposed:false
77 silly fetch manifest eventemitter3@^5.0.1
78 silly packumentCache full:https://registry.npmjs.org/eventemitter3 cache-miss
79 http fetch GET 200 https://registry.npmjs.org/eventemitter3 45ms (cache miss)
80 silly packumentCache full:https://registry.npmjs.org/eventemitter3 set size:undefined disposed:false
81 silly fetch manifest immer@^10.1.1
82 silly packumentCache full:https://registry.npmjs.org/immer cache-miss
83 http fetch GET 200 https://registry.npmjs.org/immer 147ms (cache miss)
84 silly packumentCache full:https://registry.npmjs.org/immer set size:undefined disposed:false
85 silly fetch manifest react-redux@8.x.x || 9.x.x
86 silly packumentCache full:https://registry.npmjs.org/react-redux cache-miss
87 http fetch GET 200 https://registry.npmjs.org/es-toolkit 251ms (cache miss)
88 silly packumentCache full:https://registry.npmjs.org/es-toolkit set size:undefined disposed:false
89 silly fetch manifest reselect@5.1.1
90 silly packumentCache full:https://registry.npmjs.org/reselect cache-miss
91 http fetch GET 200 https://registry.npmjs.org/reselect 59ms (cache miss)
92 silly packumentCache full:https://registry.npmjs.org/reselect set size:undefined disposed:false
93 silly fetch manifest tiny-invariant@^1.3.3
94 silly packumentCache full:https://registry.npmjs.org/tiny-invariant cache-miss
95 http fetch GET 200 https://registry.npmjs.org/@reduxjs%2ftoolkit 483ms (cache miss)
96 silly packumentCache full:https://registry.npmjs.org/@reduxjs%2ftoolkit set size:undefined disposed:false
97 silly fetch manifest use-sync-external-store@^1.2.2
98 silly packumentCache full:https://registry.npmjs.org/use-sync-external-store cache-miss
99 http fetch GET 200 https://registry.npmjs.org/tiny-invariant 45ms (cache miss)
100 silly packumentCache full:https://registry.npmjs.org/tiny-invariant set size:undefined disposed:false
101 silly fetch manifest victory-vendor@^37.0.2
102 silly packumentCache full:https://registry.npmjs.org/victory-vendor cache-miss
103 http fetch GET 200 https://registry.npmjs.org/victory-vendor 49ms (cache miss)
104 silly packumentCache full:https://registry.npmjs.org/victory-vendor set size:undefined disposed:false
105 http fetch GET 200 https://registry.npmjs.org/react-redux 263ms (cache miss)
106 silly packumentCache full:https://registry.npmjs.org/react-redux set size:undefined disposed:false
107 http fetch GET 200 https://registry.npmjs.org/use-sync-external-store 250ms (cache miss)
108 silly packumentCache full:https://registry.npmjs.org/use-sync-external-store set size:undefined disposed:false
109 silly fetch manifest @types/react@*
110 silly packumentCache full:https://registry.npmjs.org/@types%2freact cache-miss
111 http cache https://registry.npmjs.org/@types%2freact 21ms (cache hit)
112 silly packumentCache full:https://registry.npmjs.org/@types%2freact set size:2588964 disposed:false
113 silly fetch manifest react@^16.8 || ^17.0 || ^18.0 || ^19.0 || ^19.0.0-rc
114 silly packumentCache full:https://registry.npmjs.org/react cache-miss
115 http cache https://registry.npmjs.org/react 26ms (cache hit)
116 silly packumentCache full:https://registry.npmjs.org/react set size:6650647 disposed:false
117 silly placeDep ROOT @radix-ui/react-compose-refs@1.1.2 OK for: @radix-ui/react-slot@1.2.4 want: 1.1.2
118 silly fetch manifest react@^16.8.0 || ^17.0.0 || ^18.0.0 || ^19.0.0
119 silly packumentCache full:https://registry.npmjs.org/react cache-miss
120 http cache https://registry.npmjs.org/react 28ms (cache hit)
121 silly packumentCache full:https://registry.npmjs.org/react set size:6650647 disposed:false
122 silly fetch manifest @types/react@^18.2.25 || ^19
123 silly packumentCache full:https://registry.npmjs.org/@types%2freact cache-miss
124 http cache https://registry.npmjs.org/@types%2freact 20ms (cache hit)
125 silly packumentCache full:https://registry.npmjs.org/@types%2freact set size:2588964 disposed:false
126 silly fetch manifest redux@^5.0.0
127 silly packumentCache full:https://registry.npmjs.org/redux cache-miss
128 http fetch GET 200 https://registry.npmjs.org/redux 83ms (cache miss)
129 silly packumentCache full:https://registry.npmjs.org/redux set size:undefined disposed:false
130 silly placeDep ROOT @reduxjs/toolkit@2.12.0 OK for: recharts@3.8.1 want: ^1.9.0 || 2.x.x
131 silly placeDep ROOT decimal.js-light@2.5.1 OK for: recharts@3.8.1 want: ^2.5.1
132 silly placeDep ROOT es-toolkit@1.46.1 OK for: recharts@3.8.1 want: ^1.39.3
133 silly placeDep ROOT eventemitter3@5.0.4 OK for: recharts@3.8.1 want: ^5.0.1
134 silly placeDep ROOT immer@10.2.0 OK for: recharts@3.8.1 want: ^10.1.1
135 silly placeDep ROOT react-redux@9.3.0 OK for: recharts@3.8.1 want: 8.x.x || 9.x.x
136 silly placeDep ROOT reselect@5.1.1 OK for: recharts@3.8.1 want: 5.1.1
137 silly placeDep ROOT tiny-invariant@1.3.3 OK for: recharts@3.8.1 want: ^1.3.3
138 silly placeDep ROOT use-sync-external-store@1.6.0 OK for: recharts@3.8.1 want: ^1.2.2
139 silly placeDep ROOT victory-vendor@37.3.6 OK for: recharts@3.8.1 want: ^37.0.2
140 silly fetch manifest @standard-schema/spec@^1.0.0
141 silly packumentCache full:https://registry.npmjs.org/@standard-schema%2fspec cache-miss
142 silly fetch manifest @standard-schema/utils@^0.3.0
143 silly packumentCache full:https://registry.npmjs.org/@standard-schema%2futils cache-miss
144 silly fetch manifest immer@^11.0.0
145 silly packumentCache full:https://registry.npmjs.org/immer cache-miss
146 http cache https://registry.npmjs.org/immer 8ms (cache hit)
147 silly packumentCache full:https://registry.npmjs.org/immer set size:761699 disposed:false
148 silly fetch manifest redux@^5.0.1
149 silly packumentCache full:https://registry.npmjs.org/redux cache-miss
150 http cache https://registry.npmjs.org/redux 6ms (cache hit)
151 silly packumentCache full:https://registry.npmjs.org/redux set size:553833 disposed:false
152 silly fetch manifest redux-thunk@^3.1.0
153 silly packumentCache full:https://registry.npmjs.org/redux-thunk cache-miss
154 http fetch GET 200 https://registry.npmjs.org/@standard-schema%2fspec 56ms (cache miss)
155 silly packumentCache full:https://registry.npmjs.org/@standard-schema%2fspec set size:undefined disposed:false
156 silly fetch manifest reselect@^5.1.0
157 silly packumentCache full:https://registry.npmjs.org/reselect cache-miss
158 http cache https://registry.npmjs.org/reselect 5ms (cache hit)
159 silly packumentCache full:https://registry.npmjs.org/reselect set size:353417 disposed:false
160 silly fetch manifest @types/use-sync-external-store@^0.0.6
161 silly packumentCache full:https://registry.npmjs.org/@types%2fuse-sync-external-store cache-miss
162 http fetch GET 200 https://registry.npmjs.org/redux-thunk 209ms (cache miss)
163 silly packumentCache full:https://registry.npmjs.org/redux-thunk set size:undefined disposed:false
164 silly fetch manifest use-sync-external-store@^1.4.0
165 silly packumentCache full:https://registry.npmjs.org/use-sync-external-store cache-miss
166 http cache https://registry.npmjs.org/use-sync-external-store 13ms (cache hit)
167 silly packumentCache full:https://registry.npmjs.org/use-sync-external-store set size:4675268 disposed:false
168 silly fetch manifest d3-ease@^3.0.1
169 silly packumentCache full:https://registry.npmjs.org/d3-ease cache-miss
170 http fetch GET 200 https://registry.npmjs.org/@types%2fuse-sync-external-store 220ms (cache miss)
171 silly packumentCache full:https://registry.npmjs.org/@types%2fuse-sync-external-store set size:undefined disposed:false
172 silly fetch manifest d3-time@^3.0.0
173 silly packumentCache full:https://registry.npmjs.org/d3-time cache-miss
174 http fetch GET 200 https://registry.npmjs.org/@standard-schema%2futils 377ms (cache miss)
175 silly packumentCache full:https://registry.npmjs.org/@standard-schema%2futils set size:undefined disposed:false
176 silly fetch manifest d3-array@^3.1.6
177 silly packumentCache full:https://registry.npmjs.org/d3-array cache-miss
178 http fetch GET 200 https://registry.npmjs.org/d3-array 52ms (cache miss)
179 silly packumentCache full:https://registry.npmjs.org/d3-array set size:undefined disposed:false
180 silly fetch manifest d3-scale@^4.0.2
181 silly packumentCache full:https://registry.npmjs.org/d3-scale cache-miss
182 http fetch GET 200 https://registry.npmjs.org/d3-ease 210ms (cache miss)
183 silly packumentCache full:https://registry.npmjs.org/d3-ease set size:undefined disposed:false
184 silly fetch manifest d3-shape@^3.1.0
185 silly packumentCache full:https://registry.npmjs.org/d3-shape cache-miss
186 http fetch GET 200 https://registry.npmjs.org/d3-scale 68ms (cache miss)
187 silly packumentCache full:https://registry.npmjs.org/d3-scale set size:undefined disposed:false
188 silly fetch manifest d3-timer@^3.0.1
189 silly packumentCache full:https://registry.npmjs.org/d3-timer cache-miss
190 http fetch GET 200 https://registry.npmjs.org/d3-time 222ms (cache miss)
191 silly packumentCache full:https://registry.npmjs.org/d3-time set size:undefined disposed:false
192 silly fetch manifest @types/d3-ease@^3.0.0
193 silly packumentCache full:https://registry.npmjs.org/@types%2fd3-ease cache-miss
194 http fetch GET 200 https://registry.npmjs.org/d3-shape 60ms (cache miss)
195 silly packumentCache full:https://registry.npmjs.org/d3-shape set size:undefined disposed:false
196 silly fetch manifest @types/d3-time@^3.0.0
197 silly packumentCache full:https://registry.npmjs.org/@types%2fd3-time cache-miss
198 http fetch GET 200 https://registry.npmjs.org/d3-timer 216ms (cache miss)
199 silly packumentCache full:https://registry.npmjs.org/d3-timer set size:undefined disposed:false
200 silly fetch manifest d3-interpolate@^3.0.1
201 silly packumentCache full:https://registry.npmjs.org/d3-interpolate cache-miss
202 http fetch GET 200 https://registry.npmjs.org/@types%2fd3-ease 215ms (cache miss)
203 silly packumentCache full:https://registry.npmjs.org/@types%2fd3-ease set size:undefined disposed:false
204 silly fetch manifest @types/d3-array@^3.0.3
205 silly packumentCache full:https://registry.npmjs.org/@types%2fd3-array cache-miss
206 http fetch GET 200 https://registry.npmjs.org/d3-interpolate 43ms (cache miss)
207 silly packumentCache full:https://registry.npmjs.org/d3-interpolate set size:undefined disposed:false
208 silly fetch manifest @types/d3-scale@^4.0.2
209 silly packumentCache full:https://registry.npmjs.org/@types%2fd3-scale cache-miss
210 http fetch GET 200 https://registry.npmjs.org/@types%2fd3-time 238ms (cache miss)
211 silly packumentCache full:https://registry.npmjs.org/@types%2fd3-time set size:undefined disposed:false
212 silly fetch manifest @types/d3-shape@^3.1.0
213 silly packumentCache full:https://registry.npmjs.org/@types%2fd3-shape cache-miss
214 http fetch GET 200 https://registry.npmjs.org/@types%2fd3-scale 53ms (cache miss)
215 silly packumentCache full:https://registry.npmjs.org/@types%2fd3-scale set size:undefined disposed:false
216 silly fetch manifest @types/d3-timer@^3.0.0
217 silly packumentCache full:https://registry.npmjs.org/@types%2fd3-timer cache-miss
218 http fetch GET 200 https://registry.npmjs.org/@types%2fd3-timer 208ms (cache miss)
219 silly packumentCache full:https://registry.npmjs.org/@types%2fd3-timer set size:undefined disposed:false
220 silly fetch manifest @types/d3-interpolate@^3.0.1
221 silly packumentCache full:https://registry.npmjs.org/@types%2fd3-interpolate cache-miss
222 http fetch GET 200 https://registry.npmjs.org/@types%2fd3-array 381ms (cache miss)
223 silly packumentCache full:https://registry.npmjs.org/@types%2fd3-array set size:undefined disposed:false
224 http fetch GET 200 https://registry.npmjs.org/@types%2fd3-shape 405ms (cache miss)
225 silly packumentCache full:https://registry.npmjs.org/@types%2fd3-shape set size:undefined disposed:false
226 http fetch GET 200 https://registry.npmjs.org/@types%2fd3-interpolate 382ms (cache miss)
227 silly packumentCache full:https://registry.npmjs.org/@types%2fd3-interpolate set size:undefined disposed:false
228 silly placeDep ROOT @standard-schema/spec@1.1.0 OK for: @reduxjs/toolkit@2.12.0 want: ^1.0.0
229 silly placeDep ROOT @standard-schema/utils@0.3.0 OK for: @reduxjs/toolkit@2.12.0 want: ^0.3.0
230 silly placeDep node_modules/@reduxjs/toolkit immer@11.1.8 OK for: @reduxjs/toolkit@2.12.0 want: ^11.0.0
231 silly placeDep ROOT redux@5.0.1 OK for: @reduxjs/toolkit@2.12.0 want: ^5.0.1
232 silly placeDep ROOT redux-thunk@3.1.0 OK for: @reduxjs/toolkit@2.12.0 want: ^3.1.0
233 silly placeDep ROOT @types/use-sync-external-store@0.0.6 OK for: react-redux@9.3.0 want: ^0.0.6
234 silly placeDep ROOT @types/d3-array@3.2.2 OK for: victory-vendor@37.3.6 want: ^3.0.3
235 silly placeDep ROOT @types/d3-ease@3.0.2 OK for: victory-vendor@37.3.6 want: ^3.0.0
236 silly placeDep ROOT @types/d3-interpolate@3.0.4 OK for: victory-vendor@37.3.6 want: ^3.0.1
237 silly placeDep ROOT @types/d3-scale@4.0.9 OK for: victory-vendor@37.3.6 want: ^4.0.2
238 silly placeDep ROOT @types/d3-shape@3.1.8 OK for: victory-vendor@37.3.6 want: ^3.1.0
239 silly placeDep ROOT @types/d3-time@3.0.4 OK for: victory-vendor@37.3.6 want: ^3.0.0
240 silly placeDep ROOT @types/d3-timer@3.0.2 OK for: victory-vendor@37.3.6 want: ^3.0.0
241 silly placeDep ROOT d3-array@3.2.4 OK for: victory-vendor@37.3.6 want: ^3.1.6
242 silly placeDep ROOT d3-ease@3.0.1 OK for: victory-vendor@37.3.6 want: ^3.0.1
243 silly placeDep ROOT d3-interpolate@3.0.1 OK for: victory-vendor@37.3.6 want: ^3.0.1
244 silly placeDep ROOT d3-scale@4.0.2 OK for: victory-vendor@37.3.6 want: ^4.0.2
245 silly placeDep ROOT d3-shape@3.2.0 OK for: victory-vendor@37.3.6 want: ^3.1.0
246 silly placeDep ROOT d3-time@3.1.0 OK for: victory-vendor@37.3.6 want: ^3.0.0
247 silly placeDep ROOT d3-timer@3.0.1 OK for: victory-vendor@37.3.6 want: ^3.0.1
248 silly fetch manifest @types/d3-color@*
249 silly packumentCache full:https://registry.npmjs.org/@types%2fd3-color cache-miss
250 silly fetch manifest @types/d3-time@*
251 silly packumentCache full:https://registry.npmjs.org/@types%2fd3-time cache-miss
252 silly fetch manifest @types/d3-path@*
253 silly packumentCache full:https://registry.npmjs.org/@types%2fd3-path cache-miss
254 http cache https://registry.npmjs.org/@types%2fd3-time 5ms (cache hit)
255 silly packumentCache full:https://registry.npmjs.org/@types%2fd3-time set size:52652 disposed:false
256 silly fetch manifest internmap@1 - 2
257 silly packumentCache full:https://registry.npmjs.org/internmap cache-miss
258 http fetch GET 200 https://registry.npmjs.org/internmap 35ms (cache miss)
259 silly packumentCache full:https://registry.npmjs.org/internmap set size:undefined disposed:false
260 silly fetch manifest d3-color@1 - 3
261 silly packumentCache full:https://registry.npmjs.org/d3-color cache-miss
262 http fetch GET 200 https://registry.npmjs.org/d3-color 41ms (cache miss)
263 silly packumentCache full:https://registry.npmjs.org/d3-color set size:undefined disposed:false
264 silly fetch manifest d3-format@1 - 3
265 silly packumentCache full:https://registry.npmjs.org/d3-format cache-miss
266 http fetch GET 200 https://registry.npmjs.org/@types%2fd3-path 218ms (cache miss)
267 silly packumentCache full:https://registry.npmjs.org/@types%2fd3-path set size:undefined disposed:false
268 silly fetch manifest d3-time@2.1.1 - 3
269 silly packumentCache full:https://registry.npmjs.org/d3-time cache-miss
270 http cache https://registry.npmjs.org/d3-time 6ms (cache hit)
271 silly packumentCache full:https://registry.npmjs.org/d3-time set size:150406 disposed:false
272 silly fetch manifest d3-time-format@2 - 4
273 silly packumentCache full:https://registry.npmjs.org/d3-time-format cache-miss
274 http fetch GET 200 https://registry.npmjs.org/@types%2fd3-color 240ms (cache miss)
275 silly packumentCache full:https://registry.npmjs.org/@types%2fd3-color set size:undefined disposed:false
276 silly fetch manifest d3-path@^3.1.0
277 silly packumentCache full:https://registry.npmjs.org/d3-path cache-miss
278 http fetch GET 200 https://registry.npmjs.org/d3-format 211ms (cache miss)
279 silly packumentCache full:https://registry.npmjs.org/d3-format set size:undefined disposed:false
280 http fetch GET 200 https://registry.npmjs.org/d3-time-format 72ms (cache miss)
281 silly packumentCache full:https://registry.npmjs.org/d3-time-format set size:undefined disposed:false
282 http fetch GET 200 https://registry.npmjs.org/d3-path 247ms (cache miss)
283 silly packumentCache full:https://registry.npmjs.org/d3-path set size:undefined disposed:false
284 silly placeDep ROOT @types/d3-color@3.1.3 OK for: @types/d3-interpolate@3.0.4 want: *
285 silly placeDep ROOT @types/d3-path@3.1.1 OK for: @types/d3-shape@3.1.8 want: *
286 silly placeDep ROOT internmap@2.0.3 OK for: d3-array@3.2.4 want: 1 - 2
287 silly placeDep ROOT d3-color@3.1.0 OK for: d3-interpolate@3.0.1 want: 1 - 3
288 silly placeDep ROOT d3-format@3.1.2 OK for: d3-scale@4.0.2 want: 1 - 3
289 silly placeDep ROOT d3-time-format@4.1.0 OK for: d3-scale@4.0.2 want: 2 - 4
290 silly placeDep ROOT d3-path@3.1.0 OK for: d3-shape@3.2.0 want: ^3.1.0
291 silly reify moves {}
292 silly audit bulk request {
292 silly audit   '@alloc/quick-lru': [ '5.2.0' ],
292 silly audit   '@babel/code-frame': [ '7.29.0' ],
292 silly audit   '@babel/compat-data': [ '7.29.3' ],
292 silly audit   '@babel/core': [ '7.29.0' ],
292 silly audit   '@babel/generator': [ '7.29.1' ],
292 silly audit   '@babel/helper-compilation-targets': [ '7.28.6' ],
292 silly audit   '@babel/helper-globals': [ '7.28.0' ],
292 silly audit   '@babel/helper-module-imports': [ '7.28.6' ],
292 silly audit   '@babel/helper-module-transforms': [ '7.28.6' ],
292 silly audit   '@babel/helper-string-parser': [ '7.27.1' ],
292 silly audit   '@babel/helper-validator-identifier': [ '7.28.5' ],
292 silly audit   '@babel/helper-validator-option': [ '7.27.1' ],
292 silly audit   '@babel/helpers': [ '7.29.2' ],
292 silly audit   '@babel/parser': [ '7.29.3' ],
292 silly audit   '@babel/template': [ '7.28.6' ],
292 silly audit   '@babel/traverse': [ '7.29.0' ],
292 silly audit   '@babel/types': [ '7.29.0' ],
292 silly audit   '@emnapi/core': [ '1.10.0' ],
292 silly audit   '@emnapi/runtime': [ '1.10.0' ],
292 silly audit   '@emnapi/wasi-threads': [ '1.2.1' ],
292 silly audit   '@eslint-community/eslint-utils': [ '4.9.1' ],
292 silly audit   'eslint-visitor-keys': [ '3.4.3', '5.0.1', '4.2.1' ],
292 silly audit   '@eslint-community/regexpp': [ '4.12.2' ],
292 silly audit   '@eslint/config-array': [ '0.21.2' ],
292 silly audit   '@eslint/config-helpers': [ '0.4.2' ],
292 silly audit   '@eslint/core': [ '0.17.0' ],
292 silly audit   '@eslint/eslintrc': [ '3.3.5' ],
292 silly audit   '@eslint/js': [ '9.39.4' ],
292 silly audit   '@eslint/object-schema': [ '2.1.7' ],
292 silly audit   '@eslint/plugin-kit': [ '0.4.1' ],
292 silly audit   '@humanfs/core': [ '0.19.2' ],
292 silly audit   '@humanfs/node': [ '0.16.8' ],
292 silly audit   '@humanfs/types': [ '0.15.0' ],
292 silly audit   '@humanwhocodes/module-importer': [ '1.0.1' ],
292 silly audit   '@humanwhocodes/retry': [ '0.4.3' ],
292 silly audit   '@img/colour': [ '1.1.0' ],
292 silly audit   '@img/sharp-darwin-arm64': [ '0.34.5' ],
292 silly audit   '@img/sharp-darwin-x64': [ '0.34.5' ],
292 silly audit   '@img/sharp-libvips-darwin-arm64': [ '1.2.4' ],
292 silly audit   '@img/sharp-libvips-darwin-x64': [ '1.2.4' ],
292 silly audit   '@img/sharp-libvips-linux-arm': [ '1.2.4' ],
292 silly audit   '@img/sharp-libvips-linux-arm64': [ '1.2.4' ],
292 silly audit   '@img/sharp-libvips-linux-ppc64': [ '1.2.4' ],
292 silly audit   '@img/sharp-libvips-linux-riscv64': [ '1.2.4' ],
292 silly audit   '@img/sharp-libvips-linux-s390x': [ '1.2.4' ],
292 silly audit   '@img/sharp-libvips-linux-x64': [ '1.2.4' ],
292 silly audit   '@img/sharp-libvips-linuxmusl-arm64': [ '1.2.4' ],
292 silly audit   '@img/sharp-libvips-linuxmusl-x64': [ '1.2.4' ],
292 silly audit   '@img/sharp-linux-arm': [ '0.34.5' ],
292 silly audit   '@img/sharp-linux-arm64': [ '0.34.5' ],
292 silly audit   '@img/sharp-linux-ppc64': [ '0.34.5' ],
292 silly audit   '@img/sharp-linux-riscv64': [ '0.34.5' ],
292 silly audit   '@img/sharp-linux-s390x': [ '0.34.5' ],
292 silly audit   '@img/sharp-linux-x64': [ '0.34.5' ],
292 silly audit   '@img/sharp-linuxmusl-arm64': [ '0.34.5' ],
292 silly audit   '@img/sharp-linuxmusl-x64': [ '0.34.5' ],
292 silly audit   '@img/sharp-wasm32': [ '0.34.5' ],
292 silly audit   '@img/sharp-win32-arm64': [ '0.34.5' ],
292 silly audit   '@img/sharp-win32-ia32': [ '0.34.5' ],
292 silly audit   '@img/sharp-win32-x64': [ '0.34.5' ],
292 silly audit   '@jridgewell/gen-mapping': [ '0.3.13' ],
292 silly audit   '@jridgewell/remapping': [ '2.3.5' ],
292 silly audit   '@jridgewell/resolve-uri': [ '3.1.2' ],
292 silly audit   '@jridgewell/sourcemap-codec': [ '1.5.5' ],
292 silly audit   '@jridgewell/trace-mapping': [ '0.3.31' ],
292 silly audit   '@napi-rs/wasm-runtime': [ '0.2.12' ],
292 silly audit   '@next/env': [ '16.2.6' ],
292 silly audit   '@next/eslint-plugin-next': [ '16.2.6' ],
292 silly audit   '@next/swc-darwin-arm64': [ '16.2.6' ],
292 silly audit   '@next/swc-darwin-x64': [ '16.2.6' ],
292 silly audit   '@next/swc-linux-arm64-gnu': [ '16.2.6' ],
292 silly audit   '@next/swc-linux-arm64-musl': [ '16.2.6' ],
292 silly audit   '@next/swc-linux-x64-gnu': [ '16.2.6' ],
292 silly audit   '@next/swc-linux-x64-musl': [ '16.2.6' ],
292 silly audit   '@next/swc-win32-arm64-msvc': [ '16.2.6' ],
292 silly audit   '@next/swc-win32-x64-msvc': [ '16.2.6' ],
292 silly audit   '@nodelib/fs.scandir': [ '2.1.5' ],
292 silly audit   '@nodelib/fs.stat': [ '2.0.5' ],
292 silly audit   '@nodelib/fs.walk': [ '1.2.8' ],
292 silly audit   '@nolyfill/is-core-module': [ '1.0.39' ],
292 silly audit   '@rtsao/scc': [ '1.1.0' ],
292 silly audit   '@swc/helpers': [ '0.5.15' ],
292 silly audit   '@tailwindcss/node': [ '4.3.0' ],
292 silly audit   '@tailwindcss/oxide': [ '4.3.0' ],
292 silly audit   '@tailwindcss/oxide-android-arm64': [ '4.3.0' ],
292 silly audit   '@tailwindcss/oxide-darwin-arm64': [ '4.3.0' ],
292 silly audit   '@tailwindcss/oxide-darwin-x64': [ '4.3.0' ],
292 silly audit   '@tailwindcss/oxide-freebsd-x64': [ '4.3.0' ],
292 silly audit   '@tailwindcss/oxide-linux-arm-gnueabihf': [ '4.3.0' ],
292 silly audit   '@tailwindcss/oxide-linux-arm64-gnu': [ '4.3.0' ],
292 silly audit   '@tailwindcss/oxide-linux-arm64-musl': [ '4.3.0' ],
292 silly audit   '@tailwindcss/oxide-linux-x64-gnu': [ '4.3.0' ],
292 silly audit   '@tailwindcss/oxide-linux-x64-musl': [ '4.3.0' ],
292 silly audit   '@tailwindcss/oxide-wasm32-wasi': [ '4.3.0' ],
292 silly audit   '@tailwindcss/oxide-win32-arm64-msvc': [ '4.3.0' ],
292 silly audit   '@tailwindcss/oxide-win32-x64-msvc': [ '4.3.0' ],
292 silly audit   '@tailwindcss/postcss': [ '4.3.0' ],
292 silly audit   '@tybys/wasm-util': [ '0.10.2' ],
292 silly audit   '@types/estree': [ '1.0.9' ],
292 silly audit   '@types/json-schema': [ '7.0.15' ],
292 silly audit   '@types/json5': [ '0.0.29' ],
292 silly audit   '@types/node': [ '20.19.41' ],
292 silly audit   '@types/react': [ '19.2.14' ],
292 silly audit   '@types/react-dom': [ '19.2.3' ],
292 silly audit   '@typescript-eslint/eslint-plugin': [ '8.59.3' ],
292 silly audit   ignore: [ '7.0.5', '5.3.2' ],
292 silly audit   '@typescript-eslint/parser': [ '8.59.3' ],
292 silly audit   '@typescript-eslint/project-service': [ '8.59.3' ],
292 silly audit   '@typescript-eslint/scope-manager': [ '8.59.3' ],
292 silly audit   '@typescript-eslint/tsconfig-utils': [ '8.59.3' ],
292 silly audit   '@typescript-eslint/type-utils': [ '8.59.3' ],
292 silly audit   '@typescript-eslint/types': [ '8.59.3' ],
292 silly audit   '@typescript-eslint/typescript-estree': [ '8.59.3' ],
292 silly audit   'balanced-match': [ '4.0.4', '1.0.2' ],
292 silly audit   'brace-expansion': [ '5.0.6', '1.1.14' ],
292 silly audit   minimatch: [ '10.2.5', '3.1.5' ],
292 silly audit   semver: [ '7.8.0', '6.3.1' ],
292 silly audit   '@typescript-eslint/utils': [ '8.59.3' ],
292 silly audit   '@typescript-eslint/visitor-keys': [ '8.59.3' ],
292 silly audit   '@unrs/resolver-binding-android-arm-eabi': [ '1.11.1' ],
292 silly audit   '@unrs/resolver-binding-android-arm64': [ '1.11.1' ],
292 silly audit   '@unrs/resolver-binding-darwin-arm64': [ '1.11.1' ],
292 silly audit   '@unrs/resolver-binding-darwin-x64': [ '1.11.1' ],
292 silly audit   '@unrs/resolver-binding-freebsd-x64': [ '1.11.1' ],
292 silly audit   '@unrs/resolver-binding-linux-arm-gnueabihf': [ '1.11.1' ],
292 silly audit   '@unrs/resolver-binding-linux-arm-musleabihf': [ '1.11.1' ],
292 silly audit   '@unrs/resolver-binding-linux-arm64-gnu': [ '1.11.1' ],
292 silly audit   '@unrs/resolver-binding-linux-arm64-musl': [ '1.11.1' ],
292 silly audit   '@unrs/resolver-binding-linux-ppc64-gnu': [ '1.11.1' ],
292 silly audit   '@unrs/resolver-binding-linux-riscv64-gnu': [ '1.11.1' ],
292 silly audit   '@unrs/resolver-binding-linux-riscv64-musl': [ '1.11.1' ],
292 silly audit   '@unrs/resolver-binding-linux-s390x-gnu': [ '1.11.1' ],
292 silly audit   '@unrs/resolver-binding-linux-x64-gnu': [ '1.11.1' ],
292 silly audit   '@unrs/resolver-binding-linux-x64-musl': [ '1.11.1' ],
292 silly audit   '@unrs/resolver-binding-wasm32-wasi': [ '1.11.1' ],
292 silly audit   '@unrs/resolver-binding-win32-arm64-msvc': [ '1.11.1' ],
292 silly audit   '@unrs/resolver-binding-win32-ia32-msvc': [ '1.11.1' ],
292 silly audit   '@unrs/resolver-binding-win32-x64-msvc': [ '1.11.1' ],
292 silly audit   acorn: [ '8.16.0' ],
292 silly audit   'acorn-jsx': [ '5.3.2' ],
292 silly audit   ajv: [ '6.15.0' ],
292 silly audit   'ansi-styles': [ '4.3.0' ],
292 silly audit   argparse: [ '2.0.1' ],
292 silly audit   'aria-query': [ '5.3.2' ],
292 silly audit   'array-buffer-byte-length': [ '1.0.2' ],
292 silly audit   'array-includes': [ '3.1.9' ],
292 silly audit   'array.prototype.findlast': [ '1.2.5' ],
292 silly audit   'array.prototype.findlastindex': [ '1.2.6' ],
292 silly audit   'array.prototype.flat': [ '1.3.3' ],
292 silly audit   'array.prototype.flatmap': [ '1.3.3' ],
292 silly audit   'array.prototype.tosorted': [ '1.1.4' ],
292 silly audit   'arraybuffer.prototype.slice': [ '1.0.4' ],
292 silly audit   'ast-types-flow': [ '0.0.8' ],
292 silly audit   'async-function': [ '1.0.0' ],
292 silly audit   'available-typed-arrays': [ '1.0.7' ],
292 silly audit   'axe-core': [ '4.11.4' ],
292 silly audit   'axobject-query': [ '4.1.0' ],
292 silly audit   'baseline-browser-mapping': [ '2.10.29' ],
292 silly audit   braces: [ '3.0.3' ],
292 silly audit   browserslist: [ '4.28.2' ],
292 silly audit   'call-bind': [ '1.0.9' ],
292 silly audit   'call-bind-apply-helpers': [ '1.0.2' ],
292 silly audit   'call-bound': [ '1.0.4' ],
292 silly audit   callsites: [ '3.1.0' ],
292 silly audit   'caniuse-lite': [ '1.0.30001792' ],
292 silly audit   chalk: [ '4.1.2' ],
292 silly audit   'client-only': [ '0.0.1' ],
292 silly audit   'color-convert': [ '2.0.1' ],
292 silly audit   'color-name': [ '1.1.4' ],
292 silly audit   'concat-map': [ '0.0.1' ],
292 silly audit   'convert-source-map': [ '2.0.0' ],
292 silly audit   'cross-spawn': [ '7.0.6' ],
292 silly audit   csstype: [ '3.2.3' ],
292 silly audit   'damerau-levenshtein': [ '1.0.8' ],
292 silly audit   'data-view-buffer': [ '1.0.2' ],
292 silly audit   'data-view-byte-length': [ '1.0.2' ],
292 silly audit   'data-view-byte-offset': [ '1.0.1' ],
292 silly audit   debug: [ '4.4.3', '3.2.7' ],
292 silly audit   'deep-is': [ '0.1.4' ],
292 silly audit   'define-data-property': [ '1.1.4' ],
292 silly audit   'define-properties': [ '1.2.1' ],
292 silly audit   'detect-libc': [ '2.1.2' ],
292 silly audit   doctrine: [ '2.1.0' ],
292 silly audit   'dunder-proto': [ '1.0.1' ],
292 silly audit   'electron-to-chromium': [ '1.5.357' ],
292 silly audit   'emoji-regex': [ '9.2.2' ],
292 silly audit   'enhanced-resolve': [ '5.21.3' ],
292 silly audit   'es-abstract': [ '1.24.2' ],
292 silly audit   'es-define-property': [ '1.0.1' ],
292 silly audit   'es-errors': [ '1.3.0' ],
292 silly audit   'es-iterator-helpers': [ '1.3.2' ],
292 silly audit   'es-object-atoms': [ '1.1.1' ],
292 silly audit   'es-set-tostringtag': [ '2.1.0' ],
292 silly audit   'es-shim-unscopables': [ '1.1.0' ],
292 silly audit   'es-to-primitive': [ '1.3.0' ],
292 silly audit   escalade: [ '3.2.0' ],
292 silly audit   'escape-string-regexp': [ '4.0.0' ],
292 silly audit   eslint: [ '9.39.4' ],
292 silly audit   'eslint-config-next': [ '16.2.6' ],
292 silly audit   globals: [ '16.4.0', '14.0.0' ],
292 silly audit   'eslint-import-resolver-node': [ '0.3.10' ],
292 silly audit   'eslint-import-resolver-typescript': [ '3.10.1' ],
292 silly audit   'eslint-module-utils': [ '2.12.1' ],
292 silly audit   'eslint-plugin-import': [ '2.32.0' ],
292 silly audit   'eslint-plugin-jsx-a11y': [ '6.10.2' ],
292 silly audit   'eslint-plugin-react': [ '7.37.5' ],
292 silly audit   'eslint-plugin-react-hooks': [ '7.1.1' ],
292 silly audit   'eslint-scope': [ '8.4.0' ],
292 silly audit   espree: [ '10.4.0' ],
292 silly audit   esquery: [ '1.7.0' ],
292 silly audit   esrecurse: [ '4.3.0' ],
292 silly audit   estraverse: [ '5.3.0' ],
292 silly audit   esutils: [ '2.0.3' ],
292 silly audit   'fast-deep-equal': [ '3.1.3' ],
292 silly audit   'fast-glob': [ '3.3.1' ],
292 silly audit   'glob-parent': [ '5.1.2', '6.0.2' ],
292 silly audit   'fast-json-stable-stringify': [ '2.1.0' ],
292 silly audit   'fast-levenshtein': [ '2.0.6' ],
292 silly audit   fastq: [ '1.20.1' ],
292 silly audit   'file-entry-cache': [ '8.0.0' ],
292 silly audit   'fill-range': [ '7.1.1' ],
292 silly audit   'find-up': [ '5.0.0' ],
292 silly audit   'flat-cache': [ '4.0.1' ],
292 silly audit   flatted: [ '3.4.2' ],
292 silly audit   'for-each': [ '0.3.5' ],
292 silly audit   'function-bind': [ '1.1.2' ],
292 silly audit   'function.prototype.name': [ '1.1.8' ],
292 silly audit   'functions-have-names': [ '1.2.3' ],
292 silly audit   'generator-function': [ '2.0.1' ],
292 silly audit   gensync: [ '1.0.0-beta.2' ],
292 silly audit   'get-intrinsic': [ '1.3.0' ],
292 silly audit   'get-proto': [ '1.0.1' ],
292 silly audit   'get-symbol-description': [ '1.1.0' ],
292 silly audit   'get-tsconfig': [ '4.14.0' ],
292 silly audit   globalthis: [ '1.0.4' ],
292 silly audit   gopd: [ '1.2.0' ],
292 silly audit   'graceful-fs': [ '4.2.11' ],
292 silly audit   'has-bigints': [ '1.1.0' ],
292 silly audit   'has-flag': [ '4.0.0' ],
292 silly audit   'has-property-descriptors': [ '1.0.2' ],
292 silly audit   'has-proto': [ '1.2.0' ],
292 silly audit   'has-symbols': [ '1.1.0' ],
292 silly audit   'has-tostringtag': [ '1.0.2' ],
292 silly audit   hasown: [ '2.0.3' ],
292 silly audit   'hermes-estree': [ '0.25.1' ],
292 silly audit   'hermes-parser': [ '0.25.1' ],
292 silly audit   'import-fresh': [ '3.3.1' ],
292 silly audit   imurmurhash: [ '0.1.4' ],
292 silly audit   'internal-slot': [ '1.1.0' ],
292 silly audit   'is-array-buffer': [ '3.0.5' ],
292 silly audit   'is-async-function': [ '2.1.1' ],
292 silly audit   'is-bigint': [ '1.1.0' ],
292 silly audit   'is-boolean-object': [ '1.2.2' ],
292 silly audit   'is-bun-module': [ '2.0.0' ],
292 silly audit   'is-callable': [ '1.2.7' ],
292 silly audit   'is-core-module': [ '2.16.2' ],
292 silly audit   'is-data-view': [ '1.0.2' ],
292 silly audit   'is-date-object': [ '1.1.0' ],
292 silly audit   'is-extglob': [ '2.1.1' ],
292 silly audit   'is-finalizationregistry': [ '1.1.1' ],
292 silly audit   'is-generator-function': [ '1.1.2' ],
292 silly audit   'is-glob': [ '4.0.3' ],
292 silly audit   'is-map': [ '2.0.3' ],
292 silly audit   'is-negative-zero': [ '2.0.3' ],
292 silly audit   'is-number': [ '7.0.0' ],
292 silly audit   'is-number-object': [ '1.1.1' ],
292 silly audit   'is-regex': [ '1.2.1' ],
292 silly audit   'is-set': [ '2.0.3' ],
292 silly audit   'is-shared-array-buffer': [ '1.0.4' ],
292 silly audit   'is-string': [ '1.1.1' ],
292 silly audit   'is-symbol': [ '1.1.1' ],
292 silly audit   'is-typed-array': [ '1.1.15' ],
292 silly audit   'is-weakmap': [ '2.0.2' ],
292 silly audit   'is-weakref': [ '1.1.1' ],
292 silly audit   'is-weakset': [ '2.0.4' ],
292 silly audit   isarray: [ '2.0.5' ],
292 silly audit   isexe: [ '2.0.0' ],
292 silly audit   'iterator.prototype': [ '1.1.5' ],
292 silly audit   jiti: [ '2.7.0' ],
292 silly audit   'js-tokens': [ '4.0.0' ],
292 silly audit   'js-yaml': [ '4.1.1' ],
292 silly audit   jsesc: [ '3.1.0' ],
292 silly audit   'json-buffer': [ '3.0.1' ],
292 silly audit   'json-schema-traverse': [ '0.4.1' ],
292 silly audit   'json-stable-stringify-without-jsonify': [ '1.0.1' ],
292 silly audit   json5: [ '2.2.3', '1.0.2' ],
292 silly audit   'jsx-ast-utils': [ '3.3.5' ],
292 silly audit   keyv: [ '4.5.4' ],
292 silly audit   'language-subtag-registry': [ '0.3.23' ],
292 silly audit   'language-tags': [ '1.0.9' ],
292 silly audit   levn: [ '0.4.1' ],
292 silly audit   lightningcss: [ '1.32.0' ],
292 silly audit   'lightningcss-android-arm64': [ '1.32.0' ],
292 silly audit   'lightningcss-darwin-arm64': [ '1.32.0' ],
292 silly audit   'lightningcss-darwin-x64': [ '1.32.0' ],
292 silly audit   'lightningcss-freebsd-x64': [ '1.32.0' ],
292 silly audit   'lightningcss-linux-arm-gnueabihf': [ '1.32.0' ],
292 silly audit   'lightningcss-linux-arm64-gnu': [ '1.32.0' ],
292 silly audit   'lightningcss-linux-arm64-musl': [ '1.32.0' ],
292 silly audit   'lightningcss-linux-x64-gnu': [ '1.32.0' ],
292 silly audit   'lightningcss-linux-x64-musl': [ '1.32.0' ],
292 silly audit   'lightningcss-win32-arm64-msvc': [ '1.32.0' ],
292 silly audit   'lightningcss-win32-x64-msvc': [ '1.32.0' ],
292 silly audit   'locate-path': [ '6.0.0' ],
292 silly audit   'lodash.merge': [ '4.6.2' ],
292 silly audit   'loose-envify': [ '1.4.0' ],
292 silly audit   'lru-cache': [ '5.1.1' ],
292 silly audit   'magic-string': [ '0.30.21' ],
292 silly audit   'math-intrinsics': [ '1.1.0' ],
292 silly audit   merge2: [ '1.4.1' ],
292 silly audit   micromatch: [ '4.0.8' ],
292 silly audit   minimist: [ '1.2.8' ],
292 silly audit   ms: [ '2.1.3' ],
292 silly audit   nanoid: [ '3.3.12' ],
292 silly audit   'napi-postinstall': [ '0.3.4' ],
292 silly audit   'natural-compare': [ '1.4.0' ],
292 silly audit   next: [ '16.2.6' ],
292 silly audit   postcss: [ '8.4.31', '8.5.14' ],
292 silly audit   'node-exports-info': [ '1.6.0' ],
292 silly audit   'node-releases': [ '2.0.44' ],
292 silly audit   'object-assign': [ '4.1.1' ],
292 silly audit   'object-inspect': [ '1.13.4' ],
292 silly audit   'object-keys': [ '1.1.1' ],
292 silly audit   'object.assign': [ '4.1.7' ],
292 silly audit   'object.entries': [ '1.1.9' ],
292 silly audit   'object.fromentries': [ '2.0.8' ],
292 silly audit   'object.groupby': [ '1.0.3' ],
292 silly audit   'object.values': [ '1.2.1' ],
292 silly audit   optionator: [ '0.9.4' ],
292 silly audit   'own-keys': [ '1.0.1' ],
292 silly audit   'p-limit': [ '3.1.0' ],
292 silly audit   'p-locate': [ '5.0.0' ],
292 silly audit   'parent-module': [ '1.0.1' ],
292 silly audit   'path-exists': [ '4.0.0' ],
292 silly audit   'path-key': [ '3.1.1' ],
292 silly audit   'path-parse': [ '1.0.7' ],
292 silly audit   picocolors: [ '1.1.1' ],
292 silly audit   picomatch: [ '2.3.2', '4.0.4' ],
292 silly audit   'possible-typed-array-names': [ '1.1.0' ],
292 silly audit   'prelude-ls': [ '1.2.1' ],
292 silly audit   'prop-types': [ '15.8.1' ],
292 silly audit   punycode: [ '2.3.1' ],
292 silly audit   'queue-microtask': [ '1.2.3' ],
292 silly audit   react: [ '19.2.4' ],
292 silly audit   'react-dom': [ '19.2.4' ],
292 silly audit   'react-is': [ '16.13.1' ],
292 silly audit   'reflect.getprototypeof': [ '1.0.10' ],
292 silly audit   'regexp.prototype.flags': [ '1.5.4' ],
292 silly audit   resolve: [ '2.0.0-next.7' ],
292 silly audit   'resolve-from': [ '4.0.0' ],
292 silly audit   'resolve-pkg-maps': [ '1.0.0' ],
292 silly audit   reusify: [ '1.1.0' ],
292 silly audit   'run-parallel': [ '1.2.0' ],
292 silly audit   'safe-array-concat': [ '1.1.4' ],
292 silly audit   'safe-push-apply': [ '1.0.0' ],
292 silly audit   'safe-regex-test': [ '1.1.0' ],
292 silly audit   scheduler: [ '0.27.0' ],
292 silly audit   'set-function-length': [ '1.2.2' ],
292 silly audit   'set-function-name': [ '2.0.2' ],
292 silly audit   'set-proto': [ '1.0.0' ],
292 silly audit   sharp: [ '0.34.5' ],
292 silly audit   'shebang-command': [ '2.0.0' ],
292 silly audit   'shebang-regex': [ '3.0.0' ],
292 silly audit   'side-channel': [ '1.1.0' ],
292 silly audit   'side-channel-list': [ '1.0.1' ],
292 silly audit   'side-channel-map': [ '1.0.1' ],
292 silly audit   'side-channel-weakmap': [ '1.0.2' ],
292 silly audit   'source-map-js': [ '1.2.1' ],
292 silly audit   'stable-hash': [ '0.0.5' ],
292 silly audit   'stop-iteration-iterator': [ '1.1.0' ],
292 silly audit   'string.prototype.includes': [ '2.0.1' ],
292 silly audit   'string.prototype.matchall': [ '4.0.12' ],
292 silly audit   'string.prototype.repeat': [ '1.0.0' ],
292 silly audit   'string.prototype.trim': [ '1.2.10' ],
292 silly audit   'string.prototype.trimend': [ '1.0.9' ],
292 silly audit   'string.prototype.trimstart': [ '1.0.8' ],
292 silly audit   'strip-bom': [ '3.0.0' ],
292 silly audit   'strip-json-comments': [ '3.1.1' ],
292 silly audit   'styled-jsx': [ '5.1.6' ],
292 silly audit   'supports-color': [ '7.2.0' ],
292 silly audit   'supports-preserve-symlinks-flag': [ '1.0.0' ],
292 silly audit   tailwindcss: [ '4.3.0' ],
292 silly audit   tapable: [ '2.3.3' ],
292 silly audit   tinyglobby: [ '0.2.16' ],
292 silly audit   fdir: [ '6.5.0' ],
292 silly audit   'to-regex-range': [ '5.0.1' ],
292 silly audit   'ts-api-utils': [ '2.5.0' ],
292 silly audit   'tsconfig-paths': [ '3.15.0' ],
292 silly audit   tslib: [ '2.8.1' ],
292 silly audit   'type-check': [ '0.4.0' ],
292 silly audit   'typed-array-buffer': [ '1.0.3' ],
292 silly audit   'typed-array-byte-length': [ '1.0.3' ],
292 silly audit   'typed-array-byte-offset': [ '1.0.4' ],
292 silly audit   'typed-array-length': [ '1.0.7' ],
292 silly audit   typescript: [ '5.9.3' ],
292 silly audit   'typescript-eslint': [ '8.59.3' ],
292 silly audit   'unbox-primitive': [ '1.1.0' ],
292 silly audit   'undici-types': [ '6.21.0' ],
292 silly audit   'unrs-resolver': [ '1.11.1' ],
292 silly audit   'update-browserslist-db': [ '1.2.3' ],
292 silly audit   'uri-js': [ '4.4.1' ],
292 silly audit   which: [ '2.0.2' ],
292 silly audit   'which-boxed-primitive': [ '1.1.1' ],
292 silly audit   'which-builtin-type': [ '1.2.1' ],
292 silly audit   'which-collection': [ '1.0.2' ],
292 silly audit   'which-typed-array': [ '1.1.20' ],
292 silly audit   'word-wrap': [ '1.2.5' ],
292 silly audit   yallist: [ '3.1.1' ],
292 silly audit   'yocto-queue': [ '0.1.0' ],
292 silly audit   zod: [ '4.4.3' ],
292 silly audit   'zod-validation-error': [ '4.0.2' ],
292 silly audit   '@radix-ui/react-slot': [ '1.2.4' ],
292 silly audit   'class-variance-authority': [ '0.7.1' ],
292 silly audit   clsx: [ '2.1.1' ],
292 silly audit   'lucide-react': [ '1.16.0' ],
292 silly audit   recharts: [ '3.8.1' ],
292 silly audit   'tailwind-merge': [ '3.6.0' ],
292 silly audit   '@radix-ui/react-compose-refs': [ '1.1.2' ],
292 silly audit   '@reduxjs/toolkit': [ '2.12.0' ],
292 silly audit   'decimal.js-light': [ '2.5.1' ],
292 silly audit   'es-toolkit': [ '1.46.1' ],
292 silly audit   eventemitter3: [ '5.0.4' ],
292 silly audit   immer: [ '10.2.0', '11.1.8' ],
292 silly audit   'react-redux': [ '9.3.0' ],
292 silly audit   reselect: [ '5.1.1' ],
292 silly audit   'tiny-invariant': [ '1.3.3' ],
292 silly audit   'use-sync-external-store': [ '1.6.0' ],
292 silly audit   'victory-vendor': [ '37.3.6' ],
292 silly audit   '@standard-schema/spec': [ '1.1.0' ],
292 silly audit   '@standard-schema/utils': [ '0.3.0' ],
292 silly audit   redux: [ '5.0.1' ],
292 silly audit   'redux-thunk': [ '3.1.0' ],
292 silly audit   '@types/use-sync-external-store': [ '0.0.6' ],
292 silly audit   '@types/d3-array': [ '3.2.2' ],
292 silly audit   '@types/d3-ease': [ '3.0.2' ],
292 silly audit   '@types/d3-interpolate': [ '3.0.4' ],
292 silly audit   '@types/d3-scale': [ '4.0.9' ],
292 silly audit   '@types/d3-shape': [ '3.1.8' ],
292 silly audit   '@types/d3-time': [ '3.0.4' ],
292 silly audit   '@types/d3-timer': [ '3.0.2' ],
292 silly audit   'd3-array': [ '3.2.4' ],
292 silly audit   'd3-ease': [ '3.0.1' ],
292 silly audit   'd3-interpolate': [ '3.0.1' ],
292 silly audit   'd3-scale': [ '4.0.2' ],
292 silly audit   'd3-shape': [ '3.2.0' ],
292 silly audit   'd3-time': [ '3.1.0' ],
292 silly audit   'd3-timer': [ '3.0.1' ],
292 silly audit   '@types/d3-color': [ '3.1.3' ],
292 silly audit   '@types/d3-path': [ '3.1.1' ],
292 silly audit   internmap: [ '2.0.3' ],
292 silly audit   'd3-color': [ '3.1.0' ],
292 silly audit   'd3-format': [ '3.1.2' ],
292 silly audit   'd3-time-format': [ '4.1.0' ],
292 silly audit   'd3-path': [ '3.1.0' ]
292 silly audit }
293 http cache d3-path@https://registry.npmjs.org/d3-path/-/d3-path-3.1.0.tgz 0ms (cache hit)
294 http cache d3-time-format@https://registry.npmjs.org/d3-time-format/-/d3-time-format-4.1.0.tgz 0ms (cache hit)
295 http cache d3-format@https://registry.npmjs.org/d3-format/-/d3-format-3.1.2.tgz 0ms (cache hit)
296 http cache d3-color@https://registry.npmjs.org/d3-color/-/d3-color-3.1.0.tgz 0ms (cache hit)
297 http cache @types/d3-path@https://registry.npmjs.org/@types/d3-path/-/d3-path-3.1.1.tgz 0ms (cache hit)
298 http cache internmap@https://registry.npmjs.org/internmap/-/internmap-2.0.3.tgz 0ms (cache hit)
299 http cache @types/d3-color@https://registry.npmjs.org/@types/d3-color/-/d3-color-3.1.3.tgz 0ms (cache hit)
300 http cache d3-timer@https://registry.npmjs.org/d3-timer/-/d3-timer-3.0.1.tgz 0ms (cache hit)
301 http cache d3-shape@https://registry.npmjs.org/d3-shape/-/d3-shape-3.2.0.tgz 0ms (cache hit)
302 http cache d3-scale@https://registry.npmjs.org/d3-scale/-/d3-scale-4.0.2.tgz 0ms (cache hit)
303 http cache d3-interpolate@https://registry.npmjs.org/d3-interpolate/-/d3-interpolate-3.0.1.tgz 0ms (cache hit)
304 http cache d3-array@https://registry.npmjs.org/d3-array/-/d3-array-3.2.4.tgz 0ms (cache hit)
305 http cache @types/d3-timer@https://registry.npmjs.org/@types/d3-timer/-/d3-timer-3.0.2.tgz 0ms (cache hit)
306 http cache @types/d3-time@https://registry.npmjs.org/@types/d3-time/-/d3-time-3.0.4.tgz 0ms (cache hit)
307 http cache d3-ease@https://registry.npmjs.org/d3-ease/-/d3-ease-3.0.1.tgz 0ms (cache hit)
308 http cache @types/d3-shape@https://registry.npmjs.org/@types/d3-shape/-/d3-shape-3.1.8.tgz 0ms (cache hit)
309 http cache @types/d3-scale@https://registry.npmjs.org/@types/d3-scale/-/d3-scale-4.0.9.tgz 0ms (cache hit)
310 http cache @types/d3-interpolate@https://registry.npmjs.org/@types/d3-interpolate/-/d3-interpolate-3.0.4.tgz 0ms (cache hit)
311 http cache @types/d3-ease@https://registry.npmjs.org/@types/d3-ease/-/d3-ease-3.0.2.tgz 0ms (cache hit)
312 http cache redux-thunk@https://registry.npmjs.org/redux-thunk/-/redux-thunk-3.1.0.tgz 0ms (cache hit)
313 http cache @types/d3-array@https://registry.npmjs.org/@types/d3-array/-/d3-array-3.2.2.tgz 0ms (cache hit)
314 http cache @types/use-sync-external-store@https://registry.npmjs.org/@types/use-sync-external-store/-/use-sync-external-store-0.0.6.tgz 0ms (cache hit)
315 http cache @standard-schema/utils@https://registry.npmjs.org/@standard-schema/utils/-/utils-0.3.0.tgz 0ms (cache hit)
316 http cache @standard-schema/spec@https://registry.npmjs.org/@standard-schema/spec/-/spec-1.1.0.tgz 0ms (cache hit)
317 http cache victory-vendor@https://registry.npmjs.org/victory-vendor/-/victory-vendor-37.3.6.tgz 0ms (cache hit)
318 http cache use-sync-external-store@https://registry.npmjs.org/use-sync-external-store/-/use-sync-external-store-1.6.0.tgz 0ms (cache hit)
319 http cache tiny-invariant@https://registry.npmjs.org/tiny-invariant/-/tiny-invariant-1.3.3.tgz 0ms (cache hit)
320 http cache reselect@https://registry.npmjs.org/reselect/-/reselect-5.1.1.tgz 0ms (cache hit)
321 http cache immer@https://registry.npmjs.org/immer/-/immer-10.2.0.tgz 0ms (cache hit)
322 http cache react-redux@https://registry.npmjs.org/react-redux/-/react-redux-9.3.0.tgz 0ms (cache hit)
323 http cache redux@https://registry.npmjs.org/redux/-/redux-5.0.1.tgz 0ms (cache hit)
324 http cache @reduxjs/toolkit@https://registry.npmjs.org/@reduxjs/toolkit/-/toolkit-2.12.0.tgz 0ms (cache hit)
325 http cache @radix-ui/react-compose-refs@https://registry.npmjs.org/@radix-ui/react-compose-refs/-/react-compose-refs-1.1.2.tgz 0ms (cache hit)
326 http cache es-toolkit@https://registry.npmjs.org/es-toolkit/-/es-toolkit-1.46.1.tgz 0ms (cache hit)
327 http cache eventemitter3@https://registry.npmjs.org/eventemitter3/-/eventemitter3-5.0.4.tgz 0ms (cache hit)
328 http cache decimal.js-light@https://registry.npmjs.org/decimal.js-light/-/decimal.js-light-2.5.1.tgz 0ms (cache hit)
329 http cache tailwind-merge@https://registry.npmjs.org/tailwind-merge/-/tailwind-merge-3.6.0.tgz 0ms (cache hit)
330 http cache clsx@https://registry.npmjs.org/clsx/-/clsx-2.1.1.tgz 0ms (cache hit)
331 http cache d3-time@https://registry.npmjs.org/d3-time/-/d3-time-3.1.0.tgz 0ms (cache hit)
332 http cache @radix-ui/react-slot@https://registry.npmjs.org/@radix-ui/react-slot/-/react-slot-1.2.4.tgz 0ms (cache hit)
333 http cache recharts@https://registry.npmjs.org/recharts/-/recharts-3.8.1.tgz 0ms (cache hit)
334 silly tarball no local data for d3-path@https://registry.npmjs.org/d3-path/-/d3-path-3.1.0.tgz. Extracting by manifest.
335 http cache lucide-react@https://registry.npmjs.org/lucide-react/-/lucide-react-1.16.0.tgz 0ms (cache hit)
336 http cache immer@https://registry.npmjs.org/immer/-/immer-11.1.8.tgz 0ms (cache hit)
337 silly tarball no local data for d3-time-format@https://registry.npmjs.org/d3-time-format/-/d3-time-format-4.1.0.tgz. Extracting by manifest.
338 silly tarball no local data for d3-format@https://registry.npmjs.org/d3-format/-/d3-format-3.1.2.tgz. Extracting by manifest.
339 silly tarball no local data for d3-color@https://registry.npmjs.org/d3-color/-/d3-color-3.1.0.tgz. Extracting by manifest.
340 silly tarball no local data for @types/d3-path@https://registry.npmjs.org/@types/d3-path/-/d3-path-3.1.1.tgz. Extracting by manifest.
341 silly tarball no local data for internmap@https://registry.npmjs.org/internmap/-/internmap-2.0.3.tgz. Extracting by manifest.
342 silly tarball no local data for @types/d3-color@https://registry.npmjs.org/@types/d3-color/-/d3-color-3.1.3.tgz. Extracting by manifest.
343 silly tarball no local data for d3-timer@https://registry.npmjs.org/d3-timer/-/d3-timer-3.0.1.tgz. Extracting by manifest.
344 silly tarball no local data for d3-shape@https://registry.npmjs.org/d3-shape/-/d3-shape-3.2.0.tgz. Extracting by manifest.
345 silly tarball no local data for d3-scale@https://registry.npmjs.org/d3-scale/-/d3-scale-4.0.2.tgz. Extracting by manifest.
346 silly tarball no local data for d3-interpolate@https://registry.npmjs.org/d3-interpolate/-/d3-interpolate-3.0.1.tgz. Extracting by manifest.
347 http cache class-variance-authority@https://registry.npmjs.org/class-variance-authority/-/class-variance-authority-0.7.1.tgz 0ms (cache hit)
348 silly tarball no local data for d3-array@https://registry.npmjs.org/d3-array/-/d3-array-3.2.4.tgz. Extracting by manifest.
349 silly tarball no local data for @types/d3-timer@https://registry.npmjs.org/@types/d3-timer/-/d3-timer-3.0.2.tgz. Extracting by manifest.
350 silly tarball no local data for @types/d3-time@https://registry.npmjs.org/@types/d3-time/-/d3-time-3.0.4.tgz. Extracting by manifest.
351 silly tarball no local data for d3-ease@https://registry.npmjs.org/d3-ease/-/d3-ease-3.0.1.tgz. Extracting by manifest.
352 silly tarball no local data for @types/d3-shape@https://registry.npmjs.org/@types/d3-shape/-/d3-shape-3.1.8.tgz. Extracting by manifest.
353 silly tarball no local data for @types/d3-scale@https://registry.npmjs.org/@types/d3-scale/-/d3-scale-4.0.9.tgz. Extracting by manifest.
354 silly tarball no local data for @types/d3-interpolate@https://registry.npmjs.org/@types/d3-interpolate/-/d3-interpolate-3.0.4.tgz. Extracting by manifest.
355 silly tarball no local data for @types/d3-ease@https://registry.npmjs.org/@types/d3-ease/-/d3-ease-3.0.2.tgz. Extracting by manifest.
356 silly tarball no local data for redux-thunk@https://registry.npmjs.org/redux-thunk/-/redux-thunk-3.1.0.tgz. Extracting by manifest.
357 silly tarball no local data for @types/d3-array@https://registry.npmjs.org/@types/d3-array/-/d3-array-3.2.2.tgz. Extracting by manifest.
358 silly tarball no local data for @types/use-sync-external-store@https://registry.npmjs.org/@types/use-sync-external-store/-/use-sync-external-store-0.0.6.tgz. Extracting by manifest.
359 silly tarball no local data for @standard-schema/utils@https://registry.npmjs.org/@standard-schema/utils/-/utils-0.3.0.tgz. Extracting by manifest.
360 silly tarball no local data for @standard-schema/spec@https://registry.npmjs.org/@standard-schema/spec/-/spec-1.1.0.tgz. Extracting by manifest.
361 silly tarball no local data for victory-vendor@https://registry.npmjs.org/victory-vendor/-/victory-vendor-37.3.6.tgz. Extracting by manifest.
362 silly tarball no local data for use-sync-external-store@https://registry.npmjs.org/use-sync-external-store/-/use-sync-external-store-1.6.0.tgz. Extracting by manifest.
363 silly tarball no local data for tiny-invariant@https://registry.npmjs.org/tiny-invariant/-/tiny-invariant-1.3.3.tgz. Extracting by manifest.
364 silly tarball no local data for reselect@https://registry.npmjs.org/reselect/-/reselect-5.1.1.tgz. Extracting by manifest.
365 silly tarball no local data for immer@https://registry.npmjs.org/immer/-/immer-10.2.0.tgz. Extracting by manifest.
366 silly tarball no local data for react-redux@https://registry.npmjs.org/react-redux/-/react-redux-9.3.0.tgz. Extracting by manifest.
367 silly tarball no local data for redux@https://registry.npmjs.org/redux/-/redux-5.0.1.tgz. Extracting by manifest.
368 silly tarball no local data for @reduxjs/toolkit@https://registry.npmjs.org/@reduxjs/toolkit/-/toolkit-2.12.0.tgz. Extracting by manifest.
369 silly tarball no local data for @radix-ui/react-compose-refs@https://registry.npmjs.org/@radix-ui/react-compose-refs/-/react-compose-refs-1.1.2.tgz. Extracting by manifest.
370 silly tarball no local data for es-toolkit@https://registry.npmjs.org/es-toolkit/-/es-toolkit-1.46.1.tgz. Extracting by manifest.
371 silly tarball no local data for eventemitter3@https://registry.npmjs.org/eventemitter3/-/eventemitter3-5.0.4.tgz. Extracting by manifest.
372 silly tarball no local data for decimal.js-light@https://registry.npmjs.org/decimal.js-light/-/decimal.js-light-2.5.1.tgz. Extracting by manifest.
373 silly tarball no local data for tailwind-merge@https://registry.npmjs.org/tailwind-merge/-/tailwind-merge-3.6.0.tgz. Extracting by manifest.
374 silly tarball no local data for clsx@https://registry.npmjs.org/clsx/-/clsx-2.1.1.tgz. Extracting by manifest.
375 silly tarball no local data for d3-time@https://registry.npmjs.org/d3-time/-/d3-time-3.1.0.tgz. Extracting by manifest.
376 silly tarball no local data for @radix-ui/react-slot@https://registry.npmjs.org/@radix-ui/react-slot/-/react-slot-1.2.4.tgz. Extracting by manifest.
377 silly tarball no local data for recharts@https://registry.npmjs.org/recharts/-/recharts-3.8.1.tgz. Extracting by manifest.
378 silly tarball no local data for lucide-react@https://registry.npmjs.org/lucide-react/-/lucide-react-1.16.0.tgz. Extracting by manifest.
379 silly tarball no local data for immer@https://registry.npmjs.org/immer/-/immer-11.1.8.tgz. Extracting by manifest.
380 silly tarball no local data for class-variance-authority@https://registry.npmjs.org/class-variance-authority/-/class-variance-authority-0.7.1.tgz. Extracting by manifest.
381 http fetch GET 200 https://registry.npmjs.org/d3-path/-/d3-path-3.1.0.tgz 116ms (cache miss)
382 http fetch POST 200 https://registry.npmjs.org/-/npm/v1/security/advisories/bulk 233ms
383 silly audit report {
383 silly audit report   postcss: [
383 silly audit report     {
383 silly audit report       id: 1117015,
383 silly audit report       url: 'https://github.com/advisories/GHSA-qx2v-qp2m-jg93',
383 silly audit report       title: 'PostCSS has XSS via Unescaped </style> in its CSS Stringify Output',
383 silly audit report       severity: 'moderate',
383 silly audit report       vulnerable_versions: '<8.5.10',
383 silly audit report       cwe: [Array],
383 silly audit report       cvss: [Object]
383 silly audit report     }
383 silly audit report   ]
383 silly audit report }
384 silly packumentCache corgi:https://registry.npmjs.org/postcss cache-miss
385 http fetch GET 200 https://registry.npmjs.org/@types/d3-path/-/d3-path-3.1.1.tgz 224ms (cache miss)
386 http fetch GET 200 https://registry.npmjs.org/@types/d3-shape/-/d3-shape-3.1.8.tgz 240ms (cache miss)
387 http fetch GET 200 https://registry.npmjs.org/@types/d3-color/-/d3-color-3.1.3.tgz 283ms (cache miss)
388 http fetch GET 200 https://registry.npmjs.org/@types/d3-timer/-/d3-timer-3.0.2.tgz 285ms (cache miss)
389 http fetch GET 200 https://registry.npmjs.org/internmap/-/internmap-2.0.3.tgz 310ms (cache miss)
390 http fetch GET 200 https://registry.npmjs.org/@types/d3-scale/-/d3-scale-4.0.9.tgz 306ms (cache miss)
391 http fetch GET 200 https://registry.npmjs.org/@types/d3-time/-/d3-time-3.0.4.tgz 317ms (cache miss)
392 http fetch GET 200 https://registry.npmjs.org/@types/d3-interpolate/-/d3-interpolate-3.0.4.tgz 316ms (cache miss)
393 http cache https://registry.npmjs.org/postcss 117ms (cache hit)
394 silly packumentCache corgi:https://registry.npmjs.org/postcss set size:343873 disposed:false
395 silly packumentCache corgi:https://registry.npmjs.org/next cache-miss
396 http fetch GET 200 https://registry.npmjs.org/@types/d3-ease/-/d3-ease-3.0.2.tgz 328ms (cache miss)
397 http fetch GET 200 https://registry.npmjs.org/d3-ease/-/d3-ease-3.0.1.tgz 361ms (cache miss)
398 http fetch GET 200 https://registry.npmjs.org/@types/use-sync-external-store/-/use-sync-external-store-0.0.6.tgz 369ms (cache miss)
399 http cache https://registry.npmjs.org/next 99ms (cache hit)
400 silly packumentCache corgi:https://registry.npmjs.org/next set size:24969750 disposed:false
401 http fetch GET 200 https://registry.npmjs.org/d3-timer/-/d3-timer-3.0.1.tgz 838ms (cache miss)
402 http fetch GET 200 https://registry.npmjs.org/@standard-schema/utils/-/utils-0.3.0.tgz 832ms (cache miss)
403 http fetch GET 200 https://registry.npmjs.org/@standard-schema/spec/-/spec-1.1.0.tgz 851ms (cache miss)
404 http fetch GET 200 https://registry.npmjs.org/@radix-ui/react-compose-refs/-/react-compose-refs-1.1.2.tgz 851ms (cache miss)
405 http fetch GET 200 https://registry.npmjs.org/redux-thunk/-/redux-thunk-3.1.0.tgz 868ms (cache miss)
406 http fetch GET 200 https://registry.npmjs.org/d3-color/-/d3-color-3.1.0.tgz 881ms (cache miss)
407 http fetch GET 200 https://registry.npmjs.org/@types/d3-array/-/d3-array-3.2.2.tgz 901ms (cache miss)
408 http fetch GET 200 https://registry.npmjs.org/clsx/-/clsx-2.1.1.tgz 902ms (cache miss)
409 http fetch GET 200 https://registry.npmjs.org/tiny-invariant/-/tiny-invariant-1.3.3.tgz 920ms (cache miss)
410 http fetch GET 200 https://registry.npmjs.org/@radix-ui/react-slot/-/react-slot-1.2.4.tgz 936ms (cache miss)
411 http fetch GET 200 https://registry.npmjs.org/class-variance-authority/-/class-variance-authority-0.7.1.tgz 933ms (cache miss)
412 http fetch GET 200 https://registry.npmjs.org/eventemitter3/-/eventemitter3-5.0.4.tgz 959ms (cache miss)
413 http fetch GET 200 https://registry.npmjs.org/use-sync-external-store/-/use-sync-external-store-1.6.0.tgz 968ms (cache miss)
414 http fetch GET 200 https://registry.npmjs.org/decimal.js-light/-/decimal.js-light-2.5.1.tgz 978ms (cache miss)
415 http fetch GET 200 https://registry.npmjs.org/d3-time/-/d3-time-3.1.0.tgz 1040ms (cache miss)
416 http fetch GET 200 https://registry.npmjs.org/d3-scale/-/d3-scale-4.0.2.tgz 1080ms (cache miss)
417 http fetch GET 200 https://registry.npmjs.org/d3-time-format/-/d3-time-format-4.1.0.tgz 1090ms (cache miss)
418 http fetch GET 200 https://registry.npmjs.org/d3-interpolate/-/d3-interpolate-3.0.1.tgz 1152ms (cache miss)
419 http fetch GET 200 https://registry.npmjs.org/redux/-/redux-5.0.1.tgz 1165ms (cache miss)
420 http fetch GET 200 https://registry.npmjs.org/reselect/-/reselect-5.1.1.tgz 1191ms (cache miss)
421 http fetch GET 200 https://registry.npmjs.org/immer/-/immer-10.2.0.tgz 1203ms (cache miss)
422 http fetch GET 200 https://registry.npmjs.org/tailwind-merge/-/tailwind-merge-3.6.0.tgz 1215ms (cache miss)
423 http fetch GET 200 https://registry.npmjs.org/immer/-/immer-11.1.8.tgz 1274ms (cache miss)
424 http fetch GET 200 https://registry.npmjs.org/d3-array/-/d3-array-3.2.4.tgz 1293ms (cache miss)
425 http fetch GET 200 https://registry.npmjs.org/d3-format/-/d3-format-3.1.2.tgz 1310ms (cache miss)
426 http fetch GET 200 https://registry.npmjs.org/react-redux/-/react-redux-9.3.0.tgz 1306ms (cache miss)
427 http fetch GET 200 https://registry.npmjs.org/d3-shape/-/d3-shape-3.2.0.tgz 1324ms (cache miss)
428 http fetch GET 200 https://registry.npmjs.org/victory-vendor/-/victory-vendor-37.3.6.tgz 2046ms (cache miss)
429 http fetch GET 200 https://registry.npmjs.org/@reduxjs/toolkit/-/toolkit-2.12.0.tgz 2263ms (cache miss)
430 http fetch GET 200 https://registry.npmjs.org/recharts/-/recharts-3.8.1.tgz 3572ms (cache miss)
431 http fetch GET 200 https://registry.npmjs.org/es-toolkit/-/es-toolkit-1.46.1.tgz 6922ms (cache miss)
432 http fetch GET 200 https://registry.npmjs.org/lucide-react/-/lucide-react-1.16.0.tgz 10771ms (cache miss)
433 silly ADD node_modules/d3-path
434 silly ADD node_modules/d3-time-format
435 silly ADD node_modules/d3-format
436 silly ADD node_modules/d3-color
437 silly ADD node_modules/internmap
438 silly ADD node_modules/@types/d3-path
439 silly ADD node_modules/@types/d3-color
440 silly ADD node_modules/d3-timer
441 silly ADD node_modules/d3-time
442 silly ADD node_modules/d3-shape
443 silly ADD node_modules/d3-scale
444 silly ADD node_modules/d3-interpolate
445 silly ADD node_modules/d3-ease
446 silly ADD node_modules/d3-array
447 silly ADD node_modules/@types/d3-timer
448 silly ADD node_modules/@types/d3-time
449 silly ADD node_modules/@types/d3-shape
450 silly ADD node_modules/@types/d3-scale
451 silly ADD node_modules/@types/d3-interpolate
452 silly ADD node_modules/@types/d3-ease
453 silly ADD node_modules/@types/d3-array
454 silly ADD node_modules/@types/use-sync-external-store
455 silly ADD node_modules/redux-thunk
456 silly ADD node_modules/redux
457 silly ADD node_modules/@standard-schema/utils
458 silly ADD node_modules/@standard-schema/spec
459 silly ADD node_modules/victory-vendor
460 silly ADD node_modules/use-sync-external-store
461 silly ADD node_modules/tiny-invariant
462 silly ADD node_modules/reselect
463 silly ADD node_modules/react-redux
464 silly ADD node_modules/immer
465 silly ADD node_modules/eventemitter3
466 silly ADD node_modules/es-toolkit
467 silly ADD node_modules/decimal.js-light
468 silly ADD node_modules/@reduxjs/toolkit
469 silly ADD node_modules/@reduxjs/toolkit/node_modules/immer
470 silly ADD node_modules/@radix-ui/react-compose-refs
471 silly ADD node_modules/tailwind-merge
472 silly ADD node_modules/recharts
473 silly ADD node_modules/lucide-react
474 silly ADD node_modules/clsx
475 silly ADD node_modules/class-variance-authority
476 silly ADD node_modules/@radix-ui/react-slot
477 verbose cwd C:\Users\deweb\Documents\VSME Supplier Passport
478 verbose os Windows_NT 10.0.22631
479 verbose node v24.15.0
480 verbose npm  v11.12.1
481 verbose exit 0
482 info ok
