0 verbose cli C:\Program Files\nodejs\node.exe C:\Program Files\nodejs\node_modules\npm\bin\npm-cli.js
1 info using npm@11.12.1
2 info using node@v24.15.0
3 silly config load:file:C:\Program Files\nodejs\node_modules\npm\npmrc
4 silly config load:file:C:\Users\deweb\Documents\VSME Supplier Passport\.npmrc
5 silly config load:file:C:\Users\deweb\.npmrc
6 silly config load:file:C:\Users\deweb\AppData\Roaming\npm\etc\npmrc
7 verbose title npm install @nhost/nextjs @nhost/react @nhost/nhost-js graphql
8 verbose argv "install" "@nhost/nextjs" "@nhost/react" "@nhost/nhost-js" "graphql" "--cache" ".npm-cache"
9 verbose logfile logs-max:10 dir:C:\Users\deweb\Documents\VSME Supplier Passport\.npm-cache\_logs\2026-05-16T19_09_36_834Z-
10 verbose logfile C:\Users\deweb\Documents\VSME Supplier Passport\.npm-cache\_logs\2026-05-16T19_09_36_834Z-debug-0.log
11 silly logfile start cleaning logs, removing 1 files
12 silly packumentCache heap:4496293888 maxSize:1124073472 maxEntrySize:562036736
13 silly logfile done cleaning log files
14 silly idealTree buildDeps
15 silly fetch manifest @nhost/nextjs@*
16 silly packumentCache full:https://registry.npmjs.org/@nhost%2fnextjs cache-miss
17 http fetch GET 200 https://registry.npmjs.org/@nhost%2fnextjs 287ms (cache miss)
18 silly packumentCache full:https://registry.npmjs.org/@nhost%2fnextjs set size:undefined disposed:false
19 silly fetch manifest next@16.2.6
20 silly packumentCache full:https://registry.npmjs.org/next cache-miss
21 http fetch GET 200 https://registry.npmjs.org/next 106ms (cache revalidated)
22 silly packumentCache full:https://registry.npmjs.org/next set size:30421328 disposed:false
23 silly fetch manifest next@^12.0.10 || ^13.0.0 || ^14.0.0 || ^15.0.0
24 silly packumentCache full:https://registry.npmjs.org/next cache-miss
25 http cache https://registry.npmjs.org/next 78ms (cache hit)
26 silly packumentCache full:https://registry.npmjs.org/next set size:30421328 disposed:false
27 silly fetch manifest @opentelemetry/api@^1.1.0
28 silly packumentCache full:https://registry.npmjs.org/@opentelemetry%2fapi cache-miss
29 http fetch GET 200 https://registry.npmjs.org/@opentelemetry%2fapi 55ms (cache revalidated)
30 silly packumentCache full:https://registry.npmjs.org/@opentelemetry%2fapi set size:272967 disposed:false
31 silly fetch manifest @playwright/test@^1.51.1
32 silly packumentCache full:https://registry.npmjs.org/@playwright%2ftest cache-miss
33 http fetch GET 200 https://registry.npmjs.org/@playwright%2ftest 69ms (cache revalidated)
34 silly packumentCache full:https://registry.npmjs.org/@playwright%2ftest set size:9128479 disposed:false
35 silly fetch manifest babel-plugin-react-compiler@*
36 silly packumentCache full:https://registry.npmjs.org/babel-plugin-react-compiler cache-miss
37 http fetch GET 200 https://registry.npmjs.org/babel-plugin-react-compiler 39ms (cache revalidated)
38 silly packumentCache full:https://registry.npmjs.org/babel-plugin-react-compiler set size:1356999 disposed:false
39 silly fetch manifest react@19.2.4
40 silly packumentCache full:https://registry.npmjs.org/react cache-miss
41 http fetch GET 200 https://registry.npmjs.org/react 53ms (cache revalidated)
42 silly packumentCache full:https://registry.npmjs.org/react set size:6650647 disposed:false
43 silly fetch manifest react-dom@19.2.4
44 silly packumentCache full:https://registry.npmjs.org/react-dom cache-miss
45 http fetch GET 200 https://registry.npmjs.org/react-dom 55ms (cache revalidated)
46 silly packumentCache full:https://registry.npmjs.org/react-dom set size:8868827 disposed:false
47 silly fetch manifest sass@^1.3.0
48 silly packumentCache full:https://registry.npmjs.org/sass cache-miss
49 http fetch GET 200 https://registry.npmjs.org/sass 41ms (cache revalidated)
50 silly packumentCache full:https://registry.npmjs.org/sass set size:726244 disposed:false
51 verbose stack Error: unable to resolve dependency tree
51 verbose stack     at #failPeerConflict (C:\Program Files\nodejs\node_modules\npm\node_modules\@npmcli\arborist\lib\arborist\build-ideal-tree.js:1415:25)
51 verbose stack     at #loadPeerSet (C:\Program Files\nodejs\node_modules\npm\node_modules\@npmcli\arborist\lib\arborist\build-ideal-tree.js:1381:33)
51 verbose stack     at async #buildDepStep (C:\Program Files\nodejs\node_modules\npm\node_modules\@npmcli\arborist\lib\arborist\build-ideal-tree.js:917:11)
51 verbose stack     at async Arborist.buildIdealTree (C:\Program Files\nodejs\node_modules\npm\node_modules\@npmcli\arborist\lib\arborist\build-ideal-tree.js:170:7)
51 verbose stack     at async Promise.all (index 1)
51 verbose stack     at async Arborist.reify (C:\Program Files\nodejs\node_modules\npm\node_modules\@npmcli\arborist\lib\arborist\reify.js:111:5)
51 verbose stack     at async Install.exec (C:\Program Files\nodejs\node_modules\npm\lib\commands\install.js:146:5)
51 verbose stack     at async Npm.exec (C:\Program Files\nodejs\node_modules\npm\lib\npm.js:193:9)
51 verbose stack     at async module.exports (C:\Program Files\nodejs\node_modules\npm\lib\cli\entry.js:67:5)
52 error code ERESOLVE
53 error ERESOLVE unable to resolve dependency tree
54 error
55 error While resolving: supplier-passport@0.1.0
55 error Found: next@16.2.6
55 error node_modules/next
55 error   next@"16.2.6" from the root project
55 error
55 error Could not resolve dependency:
55 error peer next@"^12.0.10 || ^13.0.0 || ^14.0.0 || ^15.0.0" from @nhost/nextjs@2.3.1
55 error node_modules/@nhost/nextjs
55 error   @nhost/nextjs@"*" from the root project
55 error
55 error Fix the upstream dependency conflict, or retry this command with --force or --legacy-peer-deps to accept an incorrect (and potentially broken) dependency resolution.
56 error
56 error
56 error For a full report see:
56 error C:\Users\deweb\Documents\VSME Supplier Passport\.npm-cache\_logs\2026-05-16T19_09_36_834Z-eresolve-report.txt
57 silly unfinished npm timer reify 1778958577396
58 silly unfinished npm timer reify:loadTrees 1778958577397
59 silly unfinished npm timer idealTree:buildDeps 1778958577713
60 silly unfinished npm timer idealTree:#root 1778958577714
61 verbose cwd C:\Users\deweb\Documents\VSME Supplier Passport
62 verbose os Windows_NT 10.0.22631
63 verbose node v24.15.0
64 verbose npm  v11.12.1
65 verbose exit 1
66 verbose code 1
67 error A complete log of this run can be found in: C:\Users\deweb\Documents\VSME Supplier Passport\.npm-cache\_logs\2026-05-16T19_09_36_834Z-debug-0.log
