0 verbose cli C:\Program Files\nodejs\node.exe C:\Program Files\nodejs\node_modules\npm\bin\npm-cli.js
1 info using npm@11.12.1
2 info using node@v24.15.0
3 silly config load:file:C:\Program Files\nodejs\node_modules\npm\npmrc
4 silly config load:file:C:\Users\deweb\Documents\VSME Supplier Passport\.npmrc
5 silly config load:file:C:\Users\deweb\.npmrc
6 silly config load:file:C:\Users\deweb\AppData\Roaming\npm\etc\npmrc
7 verbose title npm install
8 verbose argv "install"
9 verbose logfile logs-max:10 dir:C:\Users\deweb\Documents\VSME Supplier Passport\.npm-cache\_logs\2026-05-16T08_02_44_525Z-
10 verbose logfile C:\Users\deweb\Documents\VSME Supplier Passport\.npm-cache\_logs\2026-05-16T08_02_44_525Z-debug-0.log
11 silly logfile start cleaning logs, removing 1 files
12 silly packumentCache heap:4496293888 maxSize:1124073472 maxEntrySize:562036736
13 silly logfile done cleaning log files
14 silly idealTree buildDeps
15 silly reify moves {}
16 silly audit bulk request {
16 silly audit   '@alloc/quick-lru': [ '5.2.0' ],
16 silly audit   '@babel/code-frame': [ '7.29.0' ],
16 silly audit   '@babel/compat-data': [ '7.29.3' ],
16 silly audit   '@babel/core': [ '7.29.0' ],
16 silly audit   '@babel/generator': [ '7.29.1' ],
16 silly audit   '@babel/helper-annotate-as-pure': [ '7.27.3' ],
16 silly audit   '@babel/helper-compilation-targets': [ '7.28.6' ],
16 silly audit   '@babel/helper-create-class-features-plugin': [ '7.29.3' ],
16 silly audit   '@babel/helper-globals': [ '7.28.0' ],
16 silly audit   '@babel/helper-member-expression-to-functions': [ '7.28.5' ],
16 silly audit   '@babel/helper-module-imports': [ '7.28.6' ],
16 silly audit   '@babel/helper-module-transforms': [ '7.28.6' ],
16 silly audit   '@babel/helper-optimise-call-expression': [ '7.27.1' ],
16 silly audit   '@babel/helper-plugin-utils': [ '7.28.6' ],
16 silly audit   '@babel/helper-replace-supers': [ '7.28.6' ],
16 silly audit   '@babel/helper-skip-transparent-expression-wrappers': [ '7.27.1' ],
16 silly audit   '@babel/helper-string-parser': [ '7.27.1' ],
16 silly audit   '@babel/helper-validator-identifier': [ '7.28.5' ],
16 silly audit   '@babel/helper-validator-option': [ '7.27.1' ],
16 silly audit   '@babel/helpers': [ '7.29.2' ],
16 silly audit   '@babel/parser': [ '7.29.3' ],
16 silly audit   '@babel/plugin-syntax-jsx': [ '7.28.6' ],
16 silly audit   '@babel/plugin-syntax-typescript': [ '7.28.6' ],
16 silly audit   '@babel/plugin-transform-modules-commonjs': [ '7.28.6' ],
16 silly audit   '@babel/plugin-transform-typescript': [ '7.28.6' ],
16 silly audit   '@babel/preset-typescript': [ '7.28.5' ],
16 silly audit   '@babel/runtime': [ '7.29.2' ],
16 silly audit   '@babel/template': [ '7.28.6' ],
16 silly audit   '@babel/traverse': [ '7.29.0' ],
16 silly audit   '@babel/types': [ '7.29.0' ],
16 silly audit   '@base-ui/react': [ '1.4.1' ],
16 silly audit   '@base-ui/utils': [ '0.2.8' ],
16 silly audit   '@dotenvx/dotenvx': [ '1.66.0' ],
16 silly audit   commander: [ '11.1.0', '14.0.3' ],
16 silly audit   execa: [ '5.1.1', '9.6.1' ],
16 silly audit   fdir: [ '6.5.0' ],
16 silly audit   'get-stream': [ '6.0.1', '9.0.1' ],
16 silly audit   'human-signals': [ '2.1.0', '8.0.1' ],
16 silly audit   'is-stream': [ '2.0.1', '4.0.1' ],
16 silly audit   isexe: [ '3.1.5', '2.0.0' ],
16 silly audit   'npm-run-path': [ '4.0.1', '6.0.0' ],
16 silly audit   onetime: [ '5.1.2', '7.0.0' ],
16 silly audit   picomatch: [ '4.0.4', '2.3.2' ],
16 silly audit   'signal-exit': [ '3.0.7', '4.1.0' ],
16 silly audit   'strip-final-newline': [ '2.0.0', '4.0.0' ],
16 silly audit   which: [ '4.0.0', '2.0.2' ],
16 silly audit   '@ecies/ciphers': [ '0.2.6' ],
16 silly audit   '@emnapi/core': [ '1.10.0' ],
16 silly audit   '@emnapi/runtime': [ '1.10.0' ],
16 silly audit   '@emnapi/wasi-threads': [ '1.2.1' ],
16 silly audit   '@eslint-community/eslint-utils': [ '4.9.1' ],
16 silly audit   'eslint-visitor-keys': [ '3.4.3', '5.0.1', '4.2.1' ],
16 silly audit   '@eslint-community/regexpp': [ '4.12.2' ],
16 silly audit   '@eslint/config-array': [ '0.21.2' ],
16 silly audit   '@eslint/config-helpers': [ '0.4.2' ],
16 silly audit   '@eslint/core': [ '0.17.0' ],
16 silly audit   '@eslint/eslintrc': [ '3.3.5' ],
16 silly audit   '@eslint/js': [ '9.39.4' ],
16 silly audit   '@eslint/object-schema': [ '2.1.7' ],
16 silly audit   '@eslint/plugin-kit': [ '0.4.1' ],
16 silly audit   '@floating-ui/core': [ '1.7.5' ],
16 silly audit   '@floating-ui/dom': [ '1.7.6' ],
16 silly audit   '@floating-ui/react-dom': [ '2.1.8' ],
16 silly audit   '@floating-ui/utils': [ '0.2.11' ],
16 silly audit   '@hono/node-server': [ '1.19.14' ],
16 silly audit   '@humanfs/core': [ '0.19.2' ],
16 silly audit   '@humanfs/node': [ '0.16.8' ],
16 silly audit   '@humanfs/types': [ '0.15.0' ],
16 silly audit   '@humanwhocodes/module-importer': [ '1.0.1' ],
16 silly audit   '@humanwhocodes/retry': [ '0.4.3' ],
16 silly audit   '@img/colour': [ '1.1.0' ],
16 silly audit   '@img/sharp-darwin-arm64': [ '0.34.5' ],
16 silly audit   '@img/sharp-darwin-x64': [ '0.34.5' ],
16 silly audit   '@img/sharp-libvips-darwin-arm64': [ '1.2.4' ],
16 silly audit   '@img/sharp-libvips-darwin-x64': [ '1.2.4' ],
16 silly audit   '@img/sharp-libvips-linux-arm': [ '1.2.4' ],
16 silly audit   '@img/sharp-libvips-linux-arm64': [ '1.2.4' ],
16 silly audit   '@img/sharp-libvips-linux-ppc64': [ '1.2.4' ],
16 silly audit   '@img/sharp-libvips-linux-riscv64': [ '1.2.4' ],
16 silly audit   '@img/sharp-libvips-linux-s390x': [ '1.2.4' ],
16 silly audit   '@img/sharp-libvips-linux-x64': [ '1.2.4' ],
16 silly audit   '@img/sharp-libvips-linuxmusl-arm64': [ '1.2.4' ],
16 silly audit   '@img/sharp-libvips-linuxmusl-x64': [ '1.2.4' ],
16 silly audit   '@img/sharp-linux-arm': [ '0.34.5' ],
16 silly audit   '@img/sharp-linux-arm64': [ '0.34.5' ],
16 silly audit   '@img/sharp-linux-ppc64': [ '0.34.5' ],
16 silly audit   '@img/sharp-linux-riscv64': [ '0.34.5' ],
16 silly audit   '@img/sharp-linux-s390x': [ '0.34.5' ],
16 silly audit   '@img/sharp-linux-x64': [ '0.34.5' ],
16 silly audit   '@img/sharp-linuxmusl-arm64': [ '0.34.5' ],
16 silly audit   '@img/sharp-linuxmusl-x64': [ '0.34.5' ],
16 silly audit   '@img/sharp-wasm32': [ '0.34.5' ],
16 silly audit   '@img/sharp-win32-arm64': [ '0.34.5' ],
16 silly audit   '@img/sharp-win32-ia32': [ '0.34.5' ],
16 silly audit   '@img/sharp-win32-x64': [ '0.34.5' ],
16 silly audit   '@inquirer/ansi': [ '2.0.5' ],
16 silly audit   '@inquirer/confirm': [ '6.0.13' ],
16 silly audit   '@inquirer/core': [ '11.1.10' ],
16 silly audit   '@inquirer/figures': [ '2.0.5' ],
16 silly audit   '@inquirer/type': [ '4.0.5' ],
16 silly audit   '@jridgewell/gen-mapping': [ '0.3.13' ],
16 silly audit   '@jridgewell/remapping': [ '2.3.5' ],
16 silly audit   '@jridgewell/resolve-uri': [ '3.1.2' ],
16 silly audit   '@jridgewell/sourcemap-codec': [ '1.5.5' ],
16 silly audit   '@jridgewell/trace-mapping': [ '0.3.31' ],
16 silly audit   '@modelcontextprotocol/sdk': [ '1.29.0' ],
16 silly audit   ajv: [ '8.20.0', '6.15.0' ],
16 silly audit   'json-schema-traverse': [ '1.0.0', '0.4.1' ],
16 silly audit   '@mswjs/interceptors': [ '0.41.9' ],
16 silly audit   '@open-draft/deferred-promise': [ '2.2.0', '3.0.0' ],
16 silly audit   '@napi-rs/wasm-runtime': [ '0.2.12' ],
16 silly audit   '@next/env': [ '16.2.6' ],
16 silly audit   '@next/eslint-plugin-next': [ '16.2.6' ],
16 silly audit   '@next/swc-darwin-arm64': [ '16.2.6' ],
16 silly audit   '@next/swc-darwin-x64': [ '16.2.6' ],
16 silly audit   '@next/swc-linux-arm64-gnu': [ '16.2.6' ],
16 silly audit   '@next/swc-linux-arm64-musl': [ '16.2.6' ],
16 silly audit   '@next/swc-linux-x64-gnu': [ '16.2.6' ],
16 silly audit   '@next/swc-linux-x64-musl': [ '16.2.6' ],
16 silly audit   '@next/swc-win32-arm64-msvc': [ '16.2.6' ],
16 silly audit   '@next/swc-win32-x64-msvc': [ '16.2.6' ],
16 silly audit   '@noble/ciphers': [ '1.3.0' ],
16 silly audit   '@noble/curves': [ '1.9.7' ],
16 silly audit   '@noble/hashes': [ '1.8.0' ],
16 silly audit   '@nodelib/fs.scandir': [ '2.1.5' ],
16 silly audit   '@nodelib/fs.stat': [ '2.0.5' ],
16 silly audit   '@nodelib/fs.walk': [ '1.2.8' ],
16 silly audit   '@nolyfill/is-core-module': [ '1.0.39' ],
16 silly audit   '@open-draft/logger': [ '0.3.0' ],
16 silly audit   '@open-draft/until': [ '2.1.0' ],
16 silly audit   '@radix-ui/react-compose-refs': [ '1.1.2' ],
16 silly audit   '@radix-ui/react-slot': [ '1.2.4' ],
16 silly audit   '@reduxjs/toolkit': [ '2.12.0' ],
16 silly audit   immer: [ '11.1.8', '10.2.0' ],
16 silly audit   '@rtsao/scc': [ '1.1.0' ],
16 silly audit   '@sec-ant/readable-stream': [ '0.4.1' ],
16 silly audit   '@sindresorhus/merge-streams': [ '4.0.0' ],
16 silly audit   '@standard-schema/spec': [ '1.1.0' ],
16 silly audit   '@standard-schema/utils': [ '0.3.0' ],
16 silly audit   '@swc/helpers': [ '0.5.15' ],
16 silly audit   '@tailwindcss/node': [ '4.3.0' ],
16 silly audit   '@tailwindcss/oxide': [ '4.3.0' ],
16 silly audit   '@tailwindcss/oxide-android-arm64': [ '4.3.0' ],
16 silly audit   '@tailwindcss/oxide-darwin-arm64': [ '4.3.0' ],
16 silly audit   '@tailwindcss/oxide-darwin-x64': [ '4.3.0' ],
16 silly audit   '@tailwindcss/oxide-freebsd-x64': [ '4.3.0' ],
16 silly audit   '@tailwindcss/oxide-linux-arm-gnueabihf': [ '4.3.0' ],
16 silly audit   '@tailwindcss/oxide-linux-arm64-gnu': [ '4.3.0' ],
16 silly audit   '@tailwindcss/oxide-linux-arm64-musl': [ '4.3.0' ],
16 silly audit   '@tailwindcss/oxide-linux-x64-gnu': [ '4.3.0' ],
16 silly audit   '@tailwindcss/oxide-linux-x64-musl': [ '4.3.0' ],
16 silly audit   '@tailwindcss/oxide-wasm32-wasi': [ '4.3.0' ],
16 silly audit   '@tailwindcss/oxide-win32-arm64-msvc': [ '4.3.0' ],
16 silly audit   '@tailwindcss/oxide-win32-x64-msvc': [ '4.3.0' ],
16 silly audit   '@tailwindcss/postcss': [ '4.3.0' ],
16 silly audit   '@ts-morph/common': [ '0.27.0' ],
16 silly audit   'balanced-match': [ '4.0.4', '1.0.2' ],
16 silly audit   'brace-expansion': [ '5.0.6', '1.1.14' ],
16 silly audit   'fast-glob': [ '3.3.3', '3.3.1' ],
16 silly audit   'glob-parent': [ '5.1.2', '6.0.2' ],
16 silly audit   minimatch: [ '10.2.5', '3.1.5' ],
16 silly audit   '@tybys/wasm-util': [ '0.10.2' ],
16 silly audit   '@types/d3-array': [ '3.2.2' ],
16 silly audit   '@types/d3-color': [ '3.1.3' ],
16 silly audit   '@types/d3-ease': [ '3.0.2' ],
16 silly audit   '@types/d3-interpolate': [ '3.0.4' ],
16 silly audit   '@types/d3-path': [ '3.1.1' ],
16 silly audit   '@types/d3-scale': [ '4.0.9' ],
16 silly audit   '@types/d3-shape': [ '3.1.8' ],
16 silly audit   '@types/d3-time': [ '3.0.4' ],
16 silly audit   '@types/d3-timer': [ '3.0.2' ],
16 silly audit   '@types/estree': [ '1.0.9' ],
16 silly audit   '@types/json-schema': [ '7.0.15' ],
16 silly audit   '@types/json5': [ '0.0.29' ],
16 silly audit   '@types/node': [ '20.19.41' ],
16 silly audit   '@types/react': [ '19.2.14' ],
16 silly audit   '@types/react-dom': [ '19.2.3' ],
16 silly audit   '@types/set-cookie-parser': [ '2.4.10' ],
16 silly audit   '@types/statuses': [ '2.0.6' ],
16 silly audit   '@types/use-sync-external-store': [ '0.0.6' ],
16 silly audit   '@types/validate-npm-package-name': [ '4.0.2' ],
16 silly audit   '@typescript-eslint/eslint-plugin': [ '8.59.3' ],
16 silly audit   ignore: [ '7.0.5', '5.3.2' ],
16 silly audit   '@typescript-eslint/parser': [ '8.59.3' ],
16 silly audit   '@typescript-eslint/project-service': [ '8.59.3' ],
16 silly audit   '@typescript-eslint/scope-manager': [ '8.59.3' ],
16 silly audit   '@typescript-eslint/tsconfig-utils': [ '8.59.3' ],
16 silly audit   '@typescript-eslint/type-utils': [ '8.59.3' ],
16 silly audit   '@typescript-eslint/types': [ '8.59.3' ],
16 silly audit   '@typescript-eslint/typescript-estree': [ '8.59.3' ],
16 silly audit   semver: [ '7.8.0', '6.3.1' ],
16 silly audit   '@typescript-eslint/utils': [ '8.59.3' ],
16 silly audit   '@typescript-eslint/visitor-keys': [ '8.59.3' ],
16 silly audit   '@unrs/resolver-binding-android-arm-eabi': [ '1.11.1' ],
16 silly audit   '@unrs/resolver-binding-android-arm64': [ '1.11.1' ],
16 silly audit   '@unrs/resolver-binding-darwin-arm64': [ '1.11.1' ],
16 silly audit   '@unrs/resolver-binding-darwin-x64': [ '1.11.1' ],
16 silly audit   '@unrs/resolver-binding-freebsd-x64': [ '1.11.1' ],
16 silly audit   '@unrs/resolver-binding-linux-arm-gnueabihf': [ '1.11.1' ],
16 silly audit   '@unrs/resolver-binding-linux-arm-musleabihf': [ '1.11.1' ],
16 silly audit   '@unrs/resolver-binding-linux-arm64-gnu': [ '1.11.1' ],
16 silly audit   '@unrs/resolver-binding-linux-arm64-musl': [ '1.11.1' ],
16 silly audit   '@unrs/resolver-binding-linux-ppc64-gnu': [ '1.11.1' ],
16 silly audit   '@unrs/resolver-binding-linux-riscv64-gnu': [ '1.11.1' ],
16 silly audit   '@unrs/resolver-binding-linux-riscv64-musl': [ '1.11.1' ],
16 silly audit   '@unrs/resolver-binding-linux-s390x-gnu': [ '1.11.1' ],
16 silly audit   '@unrs/resolver-binding-linux-x64-gnu': [ '1.11.1' ],
16 silly audit   '@unrs/resolver-binding-linux-x64-musl': [ '1.11.1' ],
16 silly audit   '@unrs/resolver-binding-wasm32-wasi': [ '1.11.1' ],
16 silly audit   '@unrs/resolver-binding-win32-arm64-msvc': [ '1.11.1' ],
16 silly audit   '@unrs/resolver-binding-win32-ia32-msvc': [ '1.11.1' ],
16 silly audit   '@unrs/resolver-binding-win32-x64-msvc': [ '1.11.1' ],
16 silly audit   accepts: [ '2.0.0' ],
16 silly audit   acorn: [ '8.16.0' ],
16 silly audit   'acorn-jsx': [ '5.3.2' ],
16 silly audit   'agent-base': [ '7.1.4' ],
16 silly audit   'ajv-formats': [ '3.0.1' ],
16 silly audit   'ansi-regex': [ '6.2.2', '5.0.1' ],
16 silly audit   'ansi-styles': [ '4.3.0' ],
16 silly audit   argparse: [ '2.0.1' ],
16 silly audit   'aria-query': [ '5.3.2' ],
16 silly audit   'array-buffer-byte-length': [ '1.0.2' ],
16 silly audit   'array-includes': [ '3.1.9' ],
16 silly audit   'array.prototype.findlast': [ '1.2.5' ],
16 silly audit   'array.prototype.findlastindex': [ '1.2.6' ],
16 silly audit   'array.prototype.flat': [ '1.3.3' ],
16 silly audit   'array.prototype.flatmap': [ '1.3.3' ],
16 silly audit   'array.prototype.tosorted': [ '1.1.4' ],
16 silly audit   'arraybuffer.prototype.slice': [ '1.0.4' ],
16 silly audit   'ast-types': [ '0.16.1' ],
16 silly audit   'ast-types-flow': [ '0.0.8' ],
16 silly audit   'async-function': [ '1.0.0' ],
16 silly audit   'available-typed-arrays': [ '1.0.7' ],
16 silly audit   'axe-core': [ '4.11.4' ],
16 silly audit   'axobject-query': [ '4.1.0' ],
16 silly audit   'baseline-browser-mapping': [ '2.10.29' ],
16 silly audit   'body-parser': [ '2.2.2' ],
16 silly audit   braces: [ '3.0.3' ],
16 silly audit   browserslist: [ '4.28.2' ],
16 silly audit   'bundle-name': [ '4.1.0' ],
16 silly audit   bytes: [ '3.1.2' ],
16 silly audit   'call-bind': [ '1.0.9' ],
16 silly audit   'call-bind-apply-helpers': [ '1.0.2' ],
16 silly audit   'call-bound': [ '1.0.4' ],
16 silly audit   callsites: [ '3.1.0' ],
16 silly audit   'caniuse-lite': [ '1.0.30001792' ],
16 silly audit   chalk: [ '4.1.2', '5.6.2' ],
16 silly audit   'class-variance-authority': [ '0.7.1' ],
16 silly audit   'cli-cursor': [ '5.0.0' ],
16 silly audit   'cli-spinners': [ '2.9.2' ],
16 silly audit   'cli-width': [ '4.1.0' ],
16 silly audit   'client-only': [ '0.0.1' ],
16 silly audit   cliui: [ '8.0.1' ],
16 silly audit   'emoji-regex': [ '8.0.0', '9.2.2', '10.6.0' ],
16 silly audit   'string-width': [ '4.2.3', '7.2.0' ],
16 silly audit   'strip-ansi': [ '6.0.1', '7.2.0' ],
16 silly audit   clsx: [ '2.1.1' ],
16 silly audit   'code-block-writer': [ '13.0.3' ],
16 silly audit   'color-convert': [ '2.0.1' ],
16 silly audit   'color-name': [ '1.1.4' ],
16 silly audit   'concat-map': [ '0.0.1' ],
16 silly audit   'content-disposition': [ '1.1.0' ],
16 silly audit   'content-type': [ '1.0.5', '2.0.0' ],
16 silly audit   'convert-source-map': [ '2.0.0' ],
16 silly audit   cookie: [ '0.7.2', '1.1.1' ],
16 silly audit   'cookie-signature': [ '1.2.2' ],
16 silly audit   cors: [ '2.8.6' ],
16 silly audit   cosmiconfig: [ '9.0.1' ],
16 silly audit   'cross-spawn': [ '7.0.6' ],
16 silly audit   cssesc: [ '3.0.0' ],
16 silly audit   csstype: [ '3.2.3' ],
16 silly audit   'd3-array': [ '3.2.4' ],
16 silly audit   'd3-color': [ '3.1.0' ],
16 silly audit   'd3-ease': [ '3.0.1' ],
16 silly audit   'd3-format': [ '3.1.2' ],
16 silly audit   'd3-interpolate': [ '3.0.1' ],
16 silly audit   'd3-path': [ '3.1.0' ],
16 silly audit   'd3-scale': [ '4.0.2' ],
16 silly audit   'd3-shape': [ '3.2.0' ],
16 silly audit   'd3-time': [ '3.1.0' ],
16 silly audit   'd3-time-format': [ '4.1.0' ],
16 silly audit   'd3-timer': [ '3.0.1' ],
16 silly audit   'damerau-levenshtein': [ '1.0.8' ],
16 silly audit   'data-uri-to-buffer': [ '4.0.1' ],
16 silly audit   'data-view-buffer': [ '1.0.2' ],
16 silly audit   'data-view-byte-length': [ '1.0.2' ],
16 silly audit   'data-view-byte-offset': [ '1.0.1' ],
16 silly audit   debug: [ '4.4.3', '3.2.7' ],
16 silly audit   'decimal.js-light': [ '2.5.1' ],
16 silly audit   dedent: [ '1.7.2' ],
16 silly audit   'deep-is': [ '0.1.4' ],
16 silly audit   deepmerge: [ '4.3.1' ],
16 silly audit   'default-browser': [ '5.5.0' ],
16 silly audit   'default-browser-id': [ '5.0.1' ],
16 silly audit   'define-data-property': [ '1.1.4' ],
16 silly audit   'define-lazy-prop': [ '3.0.0' ],
16 silly audit   'define-properties': [ '1.2.1' ],
16 silly audit   depd: [ '2.0.0' ],
16 silly audit   'detect-libc': [ '2.1.2' ],
16 silly audit   diff: [ '8.0.4' ],
16 silly audit   doctrine: [ '2.1.0' ],
16 silly audit   dotenv: [ '17.4.2' ],
16 silly audit   'dunder-proto': [ '1.0.1' ],
16 silly audit   eciesjs: [ '0.4.18' ],
16 silly audit   'ee-first': [ '1.1.1' ],
16 silly audit   'electron-to-chromium': [ '1.5.357' ],
16 silly audit   encodeurl: [ '2.0.0' ],
16 silly audit   'enhanced-resolve': [ '5.21.3' ],
16 silly audit   'env-paths': [ '2.2.1' ],
16 silly audit   'error-ex': [ '1.3.4' ],
16 silly audit   'es-abstract': [ '1.24.2' ],
16 silly audit   'es-define-property': [ '1.0.1' ],
16 silly audit   'es-errors': [ '1.3.0' ],
16 silly audit   'es-iterator-helpers': [ '1.3.2' ],
16 silly audit   'es-object-atoms': [ '1.1.1' ],
16 silly audit   'es-set-tostringtag': [ '2.1.0' ],
16 silly audit   'es-shim-unscopables': [ '1.1.0' ],
16 silly audit   'es-to-primitive': [ '1.3.0' ],
16 silly audit   'es-toolkit': [ '1.46.1' ],
16 silly audit   escalade: [ '3.2.0' ],
16 silly audit   'escape-html': [ '1.0.3' ],
16 silly audit   'escape-string-regexp': [ '4.0.0' ],
16 silly audit   eslint: [ '9.39.4' ],
16 silly audit   'eslint-config-next': [ '16.2.6' ],
16 silly audit   globals: [ '16.4.0', '14.0.0' ],
16 silly audit   'eslint-import-resolver-node': [ '0.3.10' ],
16 silly audit   'eslint-import-resolver-typescript': [ '3.10.1' ],
16 silly audit   'eslint-module-utils': [ '2.12.1' ],
16 silly audit   'eslint-plugin-import': [ '2.32.0' ],
16 silly audit   'eslint-plugin-jsx-a11y': [ '6.10.2' ],
16 silly audit   'eslint-plugin-react': [ '7.37.5' ],
16 silly audit   'eslint-plugin-react-hooks': [ '7.1.1' ],
16 silly audit   'eslint-scope': [ '8.4.0' ],
16 silly audit   espree: [ '10.4.0' ],
16 silly audit   esprima: [ '4.0.1' ],
16 silly audit   esquery: [ '1.7.0' ],
16 silly audit   esrecurse: [ '4.3.0' ],
16 silly audit   estraverse: [ '5.3.0' ],
16 silly audit   esutils: [ '2.0.3' ],
16 silly audit   etag: [ '1.8.1' ],
16 silly audit   eventemitter3: [ '5.0.4' ],
16 silly audit   eventsource: [ '3.0.7' ],
16 silly audit   'eventsource-parser': [ '3.0.8' ],
16 silly audit   express: [ '5.2.1' ],
16 silly audit   'express-rate-limit': [ '8.5.2' ],
16 silly audit   'fast-deep-equal': [ '3.1.3' ],
16 silly audit   'fast-json-stable-stringify': [ '2.1.0' ],
16 silly audit   'fast-levenshtein': [ '2.0.6' ],
16 silly audit   'fast-string-truncated-width': [ '3.0.3' ],
16 silly audit   'fast-string-width': [ '3.0.2' ],
16 silly audit   'fast-uri': [ '3.1.2' ],
16 silly audit   'fast-wrap-ansi': [ '0.2.0' ],
16 silly audit   fastq: [ '1.20.1' ],
16 silly audit   'fetch-blob': [ '3.2.0' ],
16 silly audit   figures: [ '6.1.0' ],
16 silly audit   'file-entry-cache': [ '8.0.0' ],
16 silly audit   'fill-range': [ '7.1.1' ],
16 silly audit   finalhandler: [ '2.1.1' ],
16 silly audit   'find-up': [ '5.0.0' ],
16 silly audit   'flat-cache': [ '4.0.1' ],
16 silly audit   flatted: [ '3.4.2' ],
16 silly audit   'for-each': [ '0.3.5' ],
16 silly audit   'formdata-polyfill': [ '4.0.10' ],
16 silly audit   forwarded: [ '0.2.0' ],
16 silly audit   fresh: [ '2.0.0' ],
16 silly audit   'fs-extra': [ '11.3.5' ],
16 silly audit   'function-bind': [ '1.1.2' ],
16 silly audit   'function.prototype.name': [ '1.1.8' ],
16 silly audit   'functions-have-names': [ '1.2.3' ],
16 silly audit   fuzzysort: [ '3.1.0' ],
16 silly audit   'generator-function': [ '2.0.1' ],
16 silly audit   gensync: [ '1.0.0-beta.2' ],
16 silly audit   'get-caller-file': [ '2.0.5' ],
16 silly audit   'get-east-asian-width': [ '1.6.0' ],
16 silly audit   'get-intrinsic': [ '1.3.0' ],
16 silly audit   'get-own-enumerable-keys': [ '1.0.0' ],
16 silly audit   'get-proto': [ '1.0.1' ],
16 silly audit   'get-symbol-description': [ '1.1.0' ],
16 silly audit   'get-tsconfig': [ '4.14.0' ],
16 silly audit   globalthis: [ '1.0.4' ],
16 silly audit   gopd: [ '1.2.0' ],
16 silly audit   'graceful-fs': [ '4.2.11' ],
16 silly audit   graphql: [ '16.14.0' ],
16 silly audit   'has-bigints': [ '1.1.0' ],
16 silly audit   'has-flag': [ '4.0.0' ],
16 silly audit   'has-property-descriptors': [ '1.0.2' ],
16 silly audit   'has-proto': [ '1.2.0' ],
16 silly audit   'has-symbols': [ '1.1.0' ],
16 silly audit   'has-tostringtag': [ '1.0.2' ],
16 silly audit   hasown: [ '2.0.3' ],
16 silly audit   'headers-polyfill': [ '5.0.1' ],
16 silly audit   'hermes-estree': [ '0.25.1' ],
16 silly audit   'hermes-parser': [ '0.25.1' ],
16 silly audit   hono: [ '4.12.18' ],
16 silly audit   'http-errors': [ '2.0.1' ],
16 silly audit   'https-proxy-agent': [ '7.0.6' ],
16 silly audit   'iconv-lite': [ '0.7.2' ],
16 silly audit   'import-fresh': [ '3.3.1' ],
16 silly audit   imurmurhash: [ '0.1.4' ],
16 silly audit   inherits: [ '2.0.4' ],
16 silly audit   'internal-slot': [ '1.1.0' ],
16 silly audit   internmap: [ '2.0.3' ],
16 silly audit   'ip-address': [ '10.2.0' ],
16 silly audit   'ipaddr.js': [ '1.9.1' ],
16 silly audit   'is-array-buffer': [ '3.0.5' ],
16 silly audit   'is-arrayish': [ '0.2.1' ],
16 silly audit   'is-async-function': [ '2.1.1' ],
16 silly audit   'is-bigint': [ '1.1.0' ],
16 silly audit   'is-boolean-object': [ '1.2.2' ],
16 silly audit   'is-bun-module': [ '2.0.0' ],
16 silly audit   'is-callable': [ '1.2.7' ],
16 silly audit   'is-core-module': [ '2.16.2' ],
16 silly audit   'is-data-view': [ '1.0.2' ],
16 silly audit   'is-date-object': [ '1.1.0' ],
16 silly audit   'is-docker': [ '3.0.0' ],
16 silly audit   'is-extglob': [ '2.1.1' ],
16 silly audit   'is-finalizationregistry': [ '1.1.1' ],
16 silly audit   'is-fullwidth-code-point': [ '3.0.0' ],
16 silly audit   'is-generator-function': [ '1.1.2' ],
16 silly audit   'is-glob': [ '4.0.3' ],
16 silly audit   'is-in-ssh': [ '1.0.0' ],
16 silly audit   'is-inside-container': [ '1.0.0' ],
16 silly audit   'is-interactive': [ '2.0.0' ],
16 silly audit   'is-map': [ '2.0.3' ],
16 silly audit   'is-negative-zero': [ '2.0.3' ],
16 silly audit   'is-node-process': [ '1.2.0' ],
16 silly audit   'is-number': [ '7.0.0' ],
16 silly audit   'is-number-object': [ '1.1.1' ],
16 silly audit   'is-obj': [ '3.0.0' ],
16 silly audit   'is-plain-obj': [ '4.1.0' ],
16 silly audit   'is-promise': [ '4.0.0' ],
16 silly audit   'is-regex': [ '1.2.1' ],
16 silly audit   'is-regexp': [ '3.1.0' ],
16 silly audit   'is-set': [ '2.0.3' ],
16 silly audit   'is-shared-array-buffer': [ '1.0.4' ],
16 silly audit   'is-string': [ '1.1.1' ],
16 silly audit   'is-symbol': [ '1.1.1' ],
16 silly audit   'is-typed-array': [ '1.1.15' ],
16 silly audit   'is-unicode-supported': [ '2.1.0', '1.3.0' ],
16 silly audit   'is-weakmap': [ '2.0.2' ],
16 silly audit   'is-weakref': [ '1.1.1' ],
16 silly audit   'is-weakset': [ '2.0.4' ],
16 silly audit   'is-wsl': [ '3.1.1' ],
16 silly audit   isarray: [ '2.0.5' ],
16 silly audit   'iterator.prototype': [ '1.1.5' ],
16 silly audit   jiti: [ '2.7.0' ],
16 silly audit   jose: [ '6.2.3' ],
16 silly audit   'js-tokens': [ '4.0.0' ],
16 silly audit   'js-yaml': [ '4.1.1' ],
16 silly audit   jsesc: [ '3.1.0' ],
16 silly audit   'json-buffer': [ '3.0.1' ],
16 silly audit   'json-parse-even-better-errors': [ '2.3.1' ],
16 silly audit   'json-schema-typed': [ '8.0.2' ],
16 silly audit   'json-stable-stringify-without-jsonify': [ '1.0.1' ],
16 silly audit   json5: [ '2.2.3', '1.0.2' ],
16 silly audit   jsonfile: [ '6.2.1' ],
16 silly audit   'jsx-ast-utils': [ '3.3.5' ],
16 silly audit   keyv: [ '4.5.4' ],
16 silly audit   kleur: [ '4.1.5', '3.0.3' ],
16 silly audit   'language-subtag-registry': [ '0.3.23' ],
16 silly audit   'language-tags': [ '1.0.9' ],
16 silly audit   levn: [ '0.4.1' ],
16 silly audit   lightningcss: [ '1.32.0' ],
16 silly audit   'lightningcss-android-arm64': [ '1.32.0' ],
16 silly audit   'lightningcss-darwin-arm64': [ '1.32.0' ],
16 silly audit   'lightningcss-darwin-x64': [ '1.32.0' ],
16 silly audit   'lightningcss-freebsd-x64': [ '1.32.0' ],
16 silly audit   'lightningcss-linux-arm-gnueabihf': [ '1.32.0' ],
16 silly audit   'lightningcss-linux-arm64-gnu': [ '1.32.0' ],
16 silly audit   'lightningcss-linux-arm64-musl': [ '1.32.0' ],
16 silly audit   'lightningcss-linux-x64-gnu': [ '1.32.0' ],
16 silly audit   'lightningcss-linux-x64-musl': [ '1.32.0' ],
16 silly audit   'lightningcss-win32-arm64-msvc': [ '1.32.0' ],
16 silly audit   'lightningcss-win32-x64-msvc': [ '1.32.0' ],
16 silly audit   'lines-and-columns': [ '1.2.4' ],
16 silly audit   'locate-path': [ '6.0.0' ],
16 silly audit   'lodash.merge': [ '4.6.2' ],
16 silly audit   'log-symbols': [ '6.0.0' ],
16 silly audit   'loose-envify': [ '1.4.0' ],
16 silly audit   'lru-cache': [ '5.1.1' ],
16 silly audit   'lucide-react': [ '1.16.0' ],
16 silly audit   'magic-string': [ '0.30.21' ],
16 silly audit   'math-intrinsics': [ '1.1.0' ],
16 silly audit   'media-typer': [ '1.1.0' ],
16 silly audit   'merge-descriptors': [ '2.0.0' ],
16 silly audit   'merge-stream': [ '2.0.0' ],
16 silly audit   merge2: [ '1.4.1' ],
16 silly audit   micromatch: [ '4.0.8' ],
16 silly audit   'mime-db': [ '1.54.0' ],
16 silly audit   'mime-types': [ '3.0.2' ],
16 silly audit   'mimic-fn': [ '2.1.0' ],
16 silly audit   'mimic-function': [ '5.0.1' ],
16 silly audit   minimist: [ '1.2.8' ],
16 silly audit   ms: [ '2.1.3' ],
16 silly audit   msw: [ '2.14.6' ],
16 silly audit   'mute-stream': [ '3.0.0' ],
16 silly audit   nanoid: [ '3.3.12' ],
16 silly audit   'napi-postinstall': [ '0.3.4' ],
16 silly audit   'natural-compare': [ '1.4.0' ],
16 silly audit   negotiator: [ '1.0.0' ],
16 silly audit   next: [ '16.2.6' ],
16 silly audit   postcss: [ '8.4.31', '8.5.14' ],
16 silly audit   'node-domexception': [ '1.0.0' ],
16 silly audit   'node-exports-info': [ '1.6.0' ],
16 silly audit   'node-fetch': [ '3.3.2' ],
16 silly audit   'node-releases': [ '2.0.44' ],
16 silly audit   'path-key': [ '4.0.0', '3.1.1' ],
16 silly audit   'object-assign': [ '4.1.1' ],
16 silly audit   'object-inspect': [ '1.13.4' ],
16 silly audit   'object-keys': [ '1.1.1' ],
16 silly audit   'object-treeify': [ '1.1.33' ],
16 silly audit   'object.assign': [ '4.1.7' ],
16 silly audit   'object.entries': [ '1.1.9' ],
16 silly audit   'object.fromentries': [ '2.0.8' ],
16 silly audit   'object.groupby': [ '1.0.3' ],
16 silly audit   'object.values': [ '1.2.1' ],
16 silly audit   'on-finished': [ '2.4.1' ],
16 silly audit   once: [ '1.4.0' ],
16 silly audit   open: [ '11.0.0' ],
16 silly audit   optionator: [ '0.9.4' ],
16 silly audit   ora: [ '8.2.0' ],
16 silly audit   outvariant: [ '1.4.3' ],
16 silly audit   'own-keys': [ '1.0.1' ],
16 silly audit   'p-limit': [ '3.1.0' ],
16 silly audit   'p-locate': [ '5.0.0' ],
16 silly audit   'parent-module': [ '1.0.1' ],
16 silly audit   'parse-json': [ '5.2.0' ],
16 silly audit   'parse-ms': [ '4.0.0' ],
16 silly audit   parseurl: [ '1.3.3' ],
16 silly audit   'path-browserify': [ '1.0.1' ],
16 silly audit   'path-exists': [ '4.0.0' ],
16 silly audit   'path-parse': [ '1.0.7' ],
16 silly audit   'path-to-regexp': [ '6.3.0', '8.4.2' ],
16 silly audit   picocolors: [ '1.1.1' ],
16 silly audit   'pkce-challenge': [ '5.0.1' ],
16 silly audit   'possible-typed-array-names': [ '1.1.0' ],
16 silly audit   'postcss-selector-parser': [ '7.1.1' ],
16 silly audit   'powershell-utils': [ '0.1.0' ],
16 silly audit   'prelude-ls': [ '1.2.1' ],
16 silly audit   'pretty-ms': [ '9.3.0' ],
16 silly audit   prompts: [ '2.4.2' ],
16 silly audit   'prop-types': [ '15.8.1' ],
16 silly audit   'proxy-addr': [ '2.0.7' ],
16 silly audit   punycode: [ '2.3.1' ],
16 silly audit   qs: [ '6.15.1' ],
16 silly audit   'queue-microtask': [ '1.2.3' ],
16 silly audit   'range-parser': [ '1.2.1' ],
16 silly audit   'raw-body': [ '3.0.2' ],
16 silly audit   react: [ '19.2.4' ],
16 silly audit   'react-dom': [ '19.2.4' ],
16 silly audit   'react-is': [ '16.13.1' ],
16 silly audit   'react-redux': [ '9.3.0' ],
16 silly audit   recast: [ '0.23.11' ],
16 silly audit   recharts: [ '3.8.1' ],
16 silly audit   redux: [ '5.0.1' ],
16 silly audit   'redux-thunk': [ '3.1.0' ],
16 silly audit   'reflect.getprototypeof': [ '1.0.10' ],
16 silly audit   'regexp.prototype.flags': [ '1.5.4' ],
16 silly audit   'require-directory': [ '2.1.1' ],
16 silly audit   'require-from-string': [ '2.0.2' ],
16 silly audit   reselect: [ '5.1.1' ],
16 silly audit   resolve: [ '2.0.0-next.7' ],
16 silly audit   'resolve-from': [ '4.0.0' ],
16 silly audit   'resolve-pkg-maps': [ '1.0.0' ],
16 silly audit   'restore-cursor': [ '5.1.0' ],
16 silly audit   rettime: [ '0.11.11' ],
16 silly audit   reusify: [ '1.1.0' ],
16 silly audit   router: [ '2.2.0' ],
16 silly audit   'run-applescript': [ '7.1.0' ],
16 silly audit   'run-parallel': [ '1.2.0' ],
16 silly audit   'safe-array-concat': [ '1.1.4' ],
16 silly audit   'safe-push-apply': [ '1.0.0' ],
16 silly audit   'safe-regex-test': [ '1.1.0' ],
16 silly audit   'safer-buffer': [ '2.1.2' ],
16 silly audit   scheduler: [ '0.27.0' ],
16 silly audit   send: [ '1.2.1' ],
16 silly audit   'serve-static': [ '2.2.1' ],
16 silly audit   'set-cookie-parser': [ '3.1.0' ],
16 silly audit   'set-function-length': [ '1.2.2' ],
16 silly audit   'set-function-name': [ '2.0.2' ],
16 silly audit   'set-proto': [ '1.0.0' ],
16 silly audit   setprototypeof: [ '1.2.0' ],
16 silly audit   shadcn: [ '4.7.0' ],
16 silly audit   'tsconfig-paths': [ '4.2.0', '3.15.0' ],
16 silly audit   zod: [ '3.25.76', '4.4.3' ],
16 silly audit   sharp: [ '0.34.5' ],
16 silly audit   'shebang-command': [ '2.0.0' ],
16 silly audit   'shebang-regex': [ '3.0.0' ],
16 silly audit   'side-channel': [ '1.1.0' ],
16 silly audit   'side-channel-list': [ '1.0.1' ],
16 silly audit   'side-channel-map': [ '1.0.1' ],
16 silly audit   'side-channel-weakmap': [ '1.0.2' ],
16 silly audit   sisteransi: [ '1.0.5' ],
16 silly audit   'source-map': [ '0.6.1' ],
16 silly audit   'source-map-js': [ '1.2.1' ],
16 silly audit   'stable-hash': [ '0.0.5' ],
16 silly audit   statuses: [ '2.0.2' ],
16 silly audit   'stdin-discarder': [ '0.2.2' ],
16 silly audit   'stop-iteration-iterator': [ '1.1.0' ],
16 silly audit   'strict-event-emitter': [ '0.5.1' ],
16 silly audit   'string.prototype.includes': [ '2.0.1' ],
16 silly audit   'string.prototype.matchall': [ '4.0.12' ],
16 silly audit   'string.prototype.repeat': [ '1.0.0' ],
16 silly audit   'string.prototype.trim': [ '1.2.10' ],
16 silly audit   'string.prototype.trimend': [ '1.0.9' ],
16 silly audit   'string.prototype.trimstart': [ '1.0.8' ],
16 silly audit   'stringify-object': [ '5.0.0' ],
16 silly audit   'strip-bom': [ '3.0.0' ],
16 silly audit   'strip-json-comments': [ '3.1.1' ],
16 silly audit   'styled-jsx': [ '5.1.6' ],
16 silly audit   'supports-color': [ '7.2.0' ],
16 silly audit   'supports-preserve-symlinks-flag': [ '1.0.0' ],
16 silly audit   'tagged-tag': [ '1.0.0' ],
16 silly audit   'tailwind-merge': [ '3.6.0' ],
16 silly audit   tailwindcss: [ '4.3.0' ],
16 silly audit   tapable: [ '2.3.3' ],
16 silly audit   'tiny-invariant': [ '1.3.3' ],
16 silly audit   tinyglobby: [ '0.2.16' ],
16 silly audit   tldts: [ '7.0.30' ],
16 silly audit   'tldts-core': [ '7.0.30' ],
16 silly audit   'to-regex-range': [ '5.0.1' ],
16 silly audit   toidentifier: [ '1.0.1' ],
16 silly audit   'tough-cookie': [ '6.0.1' ],
16 silly audit   'ts-api-utils': [ '2.5.0' ],
16 silly audit   'ts-morph': [ '26.0.0' ],
16 silly audit   tslib: [ '2.8.1' ],
16 silly audit   'tw-animate-css': [ '1.4.0' ],
16 silly audit   'type-check': [ '0.4.0' ],
16 silly audit   'type-fest': [ '5.6.0' ],
16 silly audit   'type-is': [ '2.1.0' ],
16 silly audit   'typed-array-buffer': [ '1.0.3' ],
16 silly audit   'typed-array-byte-length': [ '1.0.3' ],
16 silly audit   'typed-array-byte-offset': [ '1.0.4' ],
16 silly audit   'typed-array-length': [ '1.0.7' ],
16 silly audit   typescript: [ '5.9.3' ],
16 silly audit   'typescript-eslint': [ '8.59.3' ],
16 silly audit   'unbox-primitive': [ '1.1.0' ],
16 silly audit   'undici-types': [ '6.21.0' ],
16 silly audit   'unicorn-magic': [ '0.3.0' ],
16 silly audit   universalify: [ '2.0.1' ],
16 silly audit   unpipe: [ '1.0.0' ],
16 silly audit   'unrs-resolver': [ '1.11.1' ],
16 silly audit   'until-async': [ '3.0.2' ],
16 silly audit   'update-browserslist-db': [ '1.2.3' ],
16 silly audit   'uri-js': [ '4.4.1' ],
16 silly audit   'use-sync-external-store': [ '1.6.0' ],
16 silly audit   'util-deprecate': [ '1.0.2' ],
16 silly audit   'validate-npm-package-name': [ '7.0.2' ],
16 silly audit   vary: [ '1.1.2' ],
16 silly audit   'victory-vendor': [ '37.3.6' ],
16 silly audit   'web-streams-polyfill': [ '3.3.3' ],
16 silly audit   'which-boxed-primitive': [ '1.1.1' ],
16 silly audit   'which-builtin-type': [ '1.2.1' ],
16 silly audit   'which-collection': [ '1.0.2' ],
16 silly audit   'which-typed-array': [ '1.1.20' ],
16 silly audit   'word-wrap': [ '1.2.5' ],
16 silly audit   'wrap-ansi': [ '7.0.0' ],
16 silly audit   wrappy: [ '1.0.2' ],
16 silly audit   'wsl-utils': [ '0.3.1' ],
16 silly audit   y18n: [ '5.0.8' ],
16 silly audit   yallist: [ '3.1.1' ],
16 silly audit   yargs: [ '17.7.2' ],
16 silly audit   'yargs-parser': [ '21.1.1' ],
16 silly audit   'yocto-queue': [ '0.1.0' ],
16 silly audit   'yocto-spinner': [ '1.2.0' ],
16 silly audit   yoctocolors: [ '2.1.2' ],
16 silly audit   'zod-to-json-schema': [ '3.25.2' ],
16 silly audit   'zod-validation-error': [ '4.0.2' ]
16 silly audit }
17 http fetch POST 200 https://registry.npmjs.org/-/npm/v1/security/advisories/bulk 785ms
18 silly audit report {
18 silly audit report   postcss: [
18 silly audit report     {
18 silly audit report       id: 1117015,
18 silly audit report       url: 'https://github.com/advisories/GHSA-qx2v-qp2m-jg93',
18 silly audit report       title: 'PostCSS has XSS via Unescaped </style> in its CSS Stringify Output',
18 silly audit report       severity: 'moderate',
18 silly audit report       vulnerable_versions: '<8.5.10',
18 silly audit report       cwe: [Array],
18 silly audit report       cvss: [Object]
18 silly audit report     }
18 silly audit report   ]
18 silly audit report }
19 silly packumentCache corgi:https://registry.npmjs.org/postcss cache-miss
20 http fetch GET 200 https://registry.npmjs.org/postcss 51ms (cache revalidated)
21 silly packumentCache corgi:https://registry.npmjs.org/postcss set size:343873 disposed:false
22 silly packumentCache corgi:https://registry.npmjs.org/next cache-miss
23 http fetch GET 200 https://registry.npmjs.org/next 90ms (cache revalidated)
24 silly packumentCache corgi:https://registry.npmjs.org/next set size:24969750 disposed:false
25 verbose cwd C:\Users\deweb\Documents\VSME Supplier Passport
26 verbose os Windows_NT 10.0.22631
27 verbose node v24.15.0
28 verbose npm  v11.12.1
29 verbose exit 0
30 info ok
