0 verbose cli C:\Program Files\nodejs\node.exe C:\Program Files\nodejs\node_modules\npm\bin\npm-cli.js
1 info using npm@11.12.1
2 info using node@v24.15.0
3 silly config load:file:C:\Program Files\nodejs\node_modules\npm\npmrc
4 silly config load:file:C:\Users\deweb\Documents\VSME Supplier Passport\.npmrc
5 silly config load:file:C:\Users\deweb\.npmrc
6 silly config load:file:C:\Users\deweb\Documents\VSME Supplier Passport\.appdata\npm\etc\npmrc
7 verbose title npm exec shadcn@latest add button card badge input textarea select progress table tabs dropdown-menu avatar separator checkbox dialog sheet tooltip
8 verbose argv "exec" "--" "shadcn@latest" "add" "button" "card" "badge" "input" "textarea" "select" "progress" "table" "tabs" "dropdown-menu" "avatar" "separator" "checkbox" "dialog" "sheet" "tooltip"
9 verbose logfile logs-max:10 dir:C:\Users\deweb\Documents\VSME Supplier Passport\.npm-cache\_logs\2026-05-16T07_57_28_342Z-
10 verbose logfile C:\Users\deweb\Documents\VSME Supplier Passport\.npm-cache\_logs\2026-05-16T07_57_28_342Z-debug-0.log
11 silly logfile done cleaning log files
12 silly packumentCache heap:4496293888 maxSize:1124073472 maxEntrySize:562036736
13 http fetch GET 200 https://registry.npmjs.org/shadcn 125ms (cache revalidated)
14 verbose cwd C:\Users\deweb\Documents\VSME Supplier Passport
15 verbose os Windows_NT 10.0.22631
16 verbose node v24.15.0
17 verbose npm  v11.12.1
18 verbose exit 0
19 info ok
